Archive member included because of file (symbol)

D:\Documentos\EC\EC020\Projeto2\Lib_CMSISv1p30_LPC17xx\Debug\libLib_CMSISv1p30_LPC17xx.a(system_LPC17xx.o)
                              ./cr_startup_lpc17.o (SystemInit)
D:\Documentos\EC\EC020\Projeto2\FreeRTOS_Library\Debug\libFreeRTOS_Library.a(port.o)
                              ./cr_startup_lpc17.o (vPortSVCHandler)
D:\Documentos\EC\EC020\Projeto2\FreeRTOS_Library\Debug\libFreeRTOS_Library.a(basic_io.o)
                              ./main.o (vPrintString)
D:\Documentos\EC\EC020\Projeto2\FreeRTOS_Library\Debug\libFreeRTOS_Library.a(consoleprint.o)
                              D:\Documentos\EC\EC020\Projeto2\FreeRTOS_Library\Debug\libFreeRTOS_Library.a(basic_io.o) (consoleprint)
D:\Documentos\EC\EC020\Projeto2\FreeRTOS_Library\Debug\libFreeRTOS_Library.a(queue.o)
                              ./main.o (xQueueCreate)
D:\Documentos\EC\EC020\Projeto2\FreeRTOS_Library\Debug\libFreeRTOS_Library.a(tasks.o)
                              ./main.o (xTaskGenericCreate)
D:\Documentos\EC\EC020\Projeto2\FreeRTOS_Library\Debug\libFreeRTOS_Library.a(heap_2.o)
                              D:\Documentos\EC\EC020\Projeto2\FreeRTOS_Library\Debug\libFreeRTOS_Library.a(queue.o) (pvPortMalloc)
D:\Documentos\EC\EC020\Projeto2\FreeRTOS_Library\Debug\libFreeRTOS_Library.a(list.o)
                              D:\Documentos\EC\EC020\Projeto2\FreeRTOS_Library\Debug\libFreeRTOS_Library.a(queue.o) (vListInitialise)
D:\Documentos\EC\EC020\Projeto2\Lib_EaBaseBoard\Debug\libLib_EaBaseBoard.a(light.o)
                              ./Sensor.o (light_init)
D:\Documentos\EC\EC020\Projeto2\Lib_EaBaseBoard\Debug\libLib_EaBaseBoard.a(oled.o)
                              ./main.o (oled_init)
D:\Documentos\EC\EC020\Projeto2\Lib_EaBaseBoard\Debug\libLib_EaBaseBoard.a(font5x7.o)
                              D:\Documentos\EC\EC020\Projeto2\Lib_EaBaseBoard\Debug\libLib_EaBaseBoard.a(oled.o) (font5x7)
D:\Documentos\EC\EC020\Projeto2\Lib_MCU\Debug\libLib_MCU.a(lpc17xx_gpio.o)
                              D:\Documentos\EC\EC020\Projeto2\Lib_EaBaseBoard\Debug\libLib_EaBaseBoard.a(oled.o) (GPIO_SetDir)
D:\Documentos\EC\EC020\Projeto2\Lib_MCU\Debug\libLib_MCU.a(lpc17xx_i2c.o)
                              ./Sensor.o (I2C_Init)
D:\Documentos\EC\EC020\Projeto2\Lib_MCU\Debug\libLib_MCU.a(lpc17xx_libcfg_default.o)
                              D:\Documentos\EC\EC020\Projeto2\Lib_MCU\Debug\libLib_MCU.a(lpc17xx_i2c.o) (check_failed)
D:\Documentos\EC\EC020\Projeto2\Lib_MCU\Debug\libLib_MCU.a(lpc17xx_pinsel.o)
                              ./Sensor.o (PINSEL_ConfigPin)
D:\Documentos\EC\EC020\Projeto2\Lib_MCU\Debug\libLib_MCU.a(lpc17xx_ssp.o)
                              ./Sensor.o (SSP_Init)
D:\Documentos\EC\EC020\Projeto2\Lib_MCU\Debug\libLib_MCU.a(lpc17xx_clkpwr.o)
                              D:\Documentos\EC\EC020\Projeto2\Lib_MCU\Debug\libLib_MCU.a(lpc17xx_i2c.o) (CLKPWR_SetPCLKDiv)
c:/nxp/lpcxpresso_6.1.4_194/lpcxpresso/tools/bin/../lib/gcc/arm-none-eabi/4.6.2/../../../../arm-none-eabi/lib/armv7-m\libcr_semihost.a(__sys_write.o)
                              D:\Documentos\EC\EC020\Projeto2\FreeRTOS_Library\Debug\libFreeRTOS_Library.a(consoleprint.o) (__write)
c:/nxp/lpcxpresso_6.1.4_194/lpcxpresso/tools/bin/../lib/gcc/arm-none-eabi/4.6.2/../../../../arm-none-eabi/lib/armv7-m\libcr_semihost.a(_cr__main.o)
                              ./cr_startup_lpc17.o (__main)
c:/nxp/lpcxpresso_6.1.4_194/lpcxpresso/tools/bin/../lib/gcc/arm-none-eabi/4.6.2/../../../../arm-none-eabi/lib/armv7-m\libcr_c.a(memcpy.o)
                              D:\Documentos\EC\EC020\Projeto2\FreeRTOS_Library\Debug\libFreeRTOS_Library.a(queue.o) (memcpy)
c:/nxp/lpcxpresso_6.1.4_194/lpcxpresso/tools/bin/../lib/gcc/arm-none-eabi/4.6.2/../../../../arm-none-eabi/lib/armv7-m\libcr_c.a(memset.o)
                              D:\Documentos\EC\EC020\Projeto2\FreeRTOS_Library\Debug\libFreeRTOS_Library.a(tasks.o) (memset)
c:/nxp/lpcxpresso_6.1.4_194/lpcxpresso/tools/bin/../lib/gcc/arm-none-eabi/4.6.2/../../../../arm-none-eabi/lib/armv7-m\libcr_c.a(fpprintf.o)
                              D:\Documentos\EC\EC020\Projeto2\FreeRTOS_Library\Debug\libFreeRTOS_Library.a(basic_io.o) (sprintf)
c:/nxp/lpcxpresso_6.1.4_194/lpcxpresso/tools/bin/../lib/gcc/arm-none-eabi/4.6.2/../../../../arm-none-eabi/lib/armv7-m\libcr_c.a(initio.o)
                              c:/nxp/lpcxpresso_6.1.4_194/lpcxpresso/tools/bin/../lib/gcc/arm-none-eabi/4.6.2/../../../../arm-none-eabi/lib/armv7-m\libcr_semihost.a(_cr__main.o) (_initio)
c:/nxp/lpcxpresso_6.1.4_194/lpcxpresso/tools/bin/../lib/gcc/arm-none-eabi/4.6.2/../../../../arm-none-eabi/lib/armv7-m\libcr_c.a(memcmp.o)
                              D:\Documentos\EC\EC020\Projeto2\FreeRTOS_Library\Debug\libFreeRTOS_Library.a(tasks.o) (memcmp)
c:/nxp/lpcxpresso_6.1.4_194/lpcxpresso/tools/bin/../lib/gcc/arm-none-eabi/4.6.2/../../../../arm-none-eabi/lib/armv7-m\libcr_c.a(printf.o)
[...]
Memory Configuration

Name             Origin             Length             Attributes
MFlash512        0x00000000         0x00080000         xr
RamLoc32         0x10000000         0x00008000         xrw
RamAHB32         0x2007c000         0x00008000         xrw
*default*        0x00000000         0xffffffff

Linker script and memory map

LOAD ./Sensor.o
LOAD ./cr_startup_lpc17.o
LOAD ./main.o
LOAD D:\Documentos\EC\EC020\Projeto2\Lib_CMSISv1p30_LPC17xx\Debug\libLib_CMSISv1p30_LPC17xx.a
LOAD D:\Documentos\EC\EC020\Projeto2\FreeRTOS_Library\Debug\libFreeRTOS_Library.a
LOAD D:\Documentos\EC\EC020\Projeto2\Lib_EaBaseBoard\Debug\libLib_EaBaseBoard.a
LOAD D:\Documentos\EC\EC020\Projeto2\Lib_MCU\Debug\libLib_MCU.a
START GROUP
LOAD c:/nxp/lpcxpresso_6.1.4_194/lpcxpresso/tools/bin/../lib/gcc/arm-none-eabi/4.6.2/../../../../arm-none-eabi/lib/armv7-m\libcr_semihost.a
LOAD c:/nxp/lpcxpresso_6.1.4_194/lpcxpresso/tools/bin/../lib/gcc/arm-none-eabi/4.6.2/../../../../arm-none-eabi/lib/armv7-m\libcr_c.a
LOAD c:/nxp/lpcxpresso_6.1.4_194/lpcxpresso/tools/bin/../lib/gcc/arm-none-eabi/4.6.2/armv7-m\libcr_eabihelpers.a
END GROUP
                0x00080000                __top_MFlash512 = 0x80000
                0x10008000                __top_RamLoc32 = 0x10008000
                0x20084000                __top_RamAHB32 = 0x20084000

.text           0x00000000     0x7070
 FILL mask 0xff
                0x00000000                __vectors_start__ = ABSOLUTE (.)
 *(.isr_vector)
 .isr_vector    0x00000000       0xcc ./cr_startup_lpc17.o
                0x00000000                g_pfnVectors
                0x000000cc                . = ALIGN (0x4)
                0x000000cc                __section_table_start = .
                0x000000cc                __data_section_table = .
                0x000000cc        0x4 LONG 0x7070 LOADADDR (.data)
                0x000000d0        0x4 LONG 0x10000000 ADDR (.data)
                0x000000d4        0x4 LONG 0x18 SIZEOF (.data)
                0x000000d8        0x4 LONG 0x7070 LOADADDR (.data_RAM2)
                0x000000dc        0x4 LONG 0x2007c000 ADDR (.data_RAM2)
                0x000000e0        0x4 LONG 0x0 SIZEOF (.data_RAM2)
                0x000000e4                __data_section_table_end = .
                0x000000e4                __bss_section_table = .
                0x000000e4        0x4 LONG 0x10000018 ADDR (.bss)
                0x000000e8        0x4 LONG 0x2de4 SIZEOF (.bss)
                0x000000ec        0x4 LONG 0x2007c000 ADDR (.bss_RAM2)
                0x000000f0        0x4 LONG 0x0 SIZEOF (.bss_RAM2)
                0x000000f4                __bss_section_table_end = .
                0x000000f4                __section_table_end = .
 *(.after_vectors*)
 *(.text*)
 .text.Sensor_new
                0x000000f4       0x18 ./Sensor.o
                0x000000f4                Sensor_new
 .text.Sensor_read
                0x0000010c       0x24 ./Sensor.o
                0x0000010c                Sensor_read
 .text.init_ssp
                0x00000130       0x98 ./Sensor.o
 .text.init_i2c
                0x000001c8       0x5c ./Sensor.o
 .text.ResetISR
                0x00000224       0x68 ./cr_startup_lpc17.o
                0x00000224                ResetISR
 .text.NMI_Handler
                0x0000028c        0x8 ./cr_startup_lpc17.o
                0x0000028c                NMI_Handler
 .text.HardFault_Handler
                0x00000294        0x8 ./cr_startup_lpc17.o
                0x00000294                HardFault_Handler
 .text.MemManage_Handler
                0x0000029c        0x8 ./cr_startup_lpc17.o
                0x0000029c                MemManage_Handler
 .text.BusFault_Handler
                0x000002a4        0x8 ./cr_startup_lpc17.o
                0x000002a4                BusFault_Handler
 .text.UsageFault_Handler
                0x000002ac        0x8 ./cr_startup_lpc17.o
                0x000002ac                UsageFault_Handler
 .text.DebugMon_Handler
                0x000002b4        0x8 ./cr_startup_lpc17.o
                0x000002b4                DebugMon_Handler
 .text.IntDefaultHandler
                0x000002bc        0x8 ./cr_startup_lpc17.o
                0x000002bc                TIMER2_IRQHandler
                0x000002bc                RIT_IRQHandler
                0x000002bc                I2C0_IRQHandler
                0x000002bc                USBActivity_IRQHandler
                0x000002bc                PWM1_IRQHandler
                0x000002bc                I2C1_IRQHandler
                0x000002bc                EINT2_IRQHandler
                0x000002bc                UART1_IRQHandler
                0x000002bc                EINT3_IRQHandler
                0x000002bc                CANActivity_IRQHandler
                0x000002bc                TIMER3_IRQHandler
                0x000002bc                UART0_IRQHandler
                0x000002bc                IntDefaultHandler
                0x000002bc                PLL0_IRQHandler
                0x000002bc                CAN_IRQHandler
                0x000002bc                PLL1_IRQHandler
                0x000002bc                SSP0_IRQHandler
                0x000002bc                I2S_IRQHandler
                0x000002bc                I2C2_IRQHandler
                0x000002bc                RTC_IRQHandler
                0x000002bc                TIMER0_IRQHandler
                0x000002bc                SPI_IRQHandler
                0x000002bc                EINT1_IRQHandler
                0x000002bc                TIMER1_IRQHandler
                0x000002bc                UART2_IRQHandler
                0x000002bc                ADC_IRQHandler
                0x000002bc                SSP1_IRQHandler
                0x000002bc                USB_IRQHandler
                0x000002bc                BOD_IRQHandler
                0x000002bc                WDT_IRQHandler
                0x000002bc                QEI_IRQHandler
                0x000002bc                EINT0_IRQHandler
                0x000002bc                DMA_IRQHandler
                0x000002bc                UART3_IRQHandler
                0x000002bc                MCPWM_IRQHandler
                0x000002bc                ENET_IRQHandler
 .text.main     0x000002c4       0xa4 ./main.o
                0x000002c4                main
 .text.intToString
                0x00000368       0xdc ./main.o
 .text.oledPrint
                0x00000444       0x68 ./main.o
                0x00000444                oledPrint
 .text.vLeitura
                0x000004ac       0x78 ./main.o
                0x000004ac                vLeitura
 .text.vImprime
                0x00000524       0x80 ./main.o
                0x00000524                vImprime
 .text.vApplicationMallocFailedHook
                0x000005a4        0x8 ./main.o
                0x000005a4                vApplicationMallocFailedHook
 .text.vApplicationStackOverflowHook
                0x000005ac        0xc ./main.o
                0x000005ac                vApplicationStackOverflowHook
 .text.vApplicationIdleHook
                0x000005b8        0xc ./main.o
                0x000005b8                vApplicationIdleHook
 .text.vApplicationTickHook
                0x000005c4        0xc ./main.o
                0x000005c4                vApplicationTickHook
 .text.SystemInit
                0x000005d0      0x22c D:\Documentos\EC\EC020\Projeto2\Lib_CMSISv1p30_LPC17xx\Debug\libLib_CMSISv1p30_LPC17xx.a(system_LPC17xx.o)
                0x000005d0                SystemInit
 .text          0x000007fc      0x154 D:\Documentos\EC\EC020\Projeto2\FreeRTOS_Library\Debug\libFreeRTOS_Library.a(port.o)
                0x000007fc                pxPortInitialiseStack
                0x0000081c                vPortSVCHandler
                0x0000083c                vPortStartFirstTask
                0x0000084c                xPortStartScheduler
                0x0000089c                vPortEndScheduler
                0x000008a0                vPortYieldFromISR
                0x000008b0                vPortEnterCritical
                0x000008cc                vPortExitCritical
                0x000008e8                xPortPendSVHandler
                0x00000924                xPortSysTickHandler
 .text          0x00000950       0x54 D:\Documentos\EC\EC020\Projeto2\FreeRTOS_Library\Debug\libFreeRTOS_Library.a(basic_io.o)
                0x00000950                vPrintString
                0x00000974                vPrintStringAndNumber
 .text          0x000009a4       0x18 D:\Documentos\EC\EC020\Projeto2\FreeRTOS_Library\Debug\libFreeRTOS_Library.a(consoleprint.o)
                0x000009a4                consoleprint
 .text          0x000009bc      0x4e4 D:\Documentos\EC\EC020\Projeto2\FreeRTOS_Library\Debug\libFreeRTOS_Library.a(queue.o)
                0x00000ac4                xQueueCreate
                0x00000b30                xQueueCreateCountingSemaphore
                0x00000b44                xQueueGenericSend
                0x00000c28                xQueueCreateMutex
                0x00000c74                xQueueGenericSendFromISR
                0x00000cd8                xQueueGenericReceive
                0x00000df0                xQueueReceiveFromISR
                0x00000e58                uxQueueMessagesWaiting
                0x00000e6c                uxQueueMessagesWaitingFromISR
                0x00000e70                vQueueDelete
                0x00000e84                xQueueIsQueueEmptyFromISR
                0x00000e90                xQueueIsQueueFullFromISR
 .text          0x00000ea0      0xca4 D:\Documentos\EC\EC020\Projeto2\FreeRTOS_Library\Debug\libFreeRTOS_Library.a(tasks.o)
                0x00000ea0                xTaskGenericCreate
                0x000010a0                vTaskDelete
                0x00001120                uxTaskPriorityGet
                0x00001140                vTaskPrioritySet
                0x000011f4                xTaskIsTaskSuspended
                0x00001220                vTaskResume
                0x0000129c                xTaskResumeFromISR
                0x00001318                vTaskStartScheduler
                0x0000136c                vTaskEndScheduler
                0x0000138c                vTaskSuspendAll
                0x000013a4                xTaskGetTickCount
                0x000013c0                xTaskGetTickCountFromISR
                0x000013d0                uxTaskGetNumberOfTasks
                0x000013dc                vTaskIncrementTick
                0x000014bc                xTaskResumeAll
                0x00001638                vTaskDelay
                0x00001690                vTaskDelayUntil
                0x0000172c                vTaskSwitchContext
                0x00001828                vTaskSuspend
                0x000018b4                vTaskPlaceOnEventList
                0x00001920                xTaskRemoveFromEventList
                0x000019ac                vTaskSetTimeOutState
                0x000019c4                xTaskCheckForTimeOut
                0x00001a44                vTaskMissedYield
                0x00001a58                xTaskGetCurrentTaskHandle
                0x00001a64                vTaskPriorityInherit
                0x00001af0                vTaskPriorityDisinherit
 .text          0x00001b44      0x140 D:\Documentos\EC\EC020\Projeto2\FreeRTOS_Library\Debug\libFreeRTOS_Library.a(heap_2.o)
                0x00001b44                pvPortMalloc
                0x00001c30                vPortFree
                0x00001c74                xPortGetFreeHeapSize
                0x00001c80                vPortInitialiseBlocks
 .text          0x00001c84       0xa4 D:\Documentos\EC\EC020\Projeto2\FreeRTOS_Library\Debug\libFreeRTOS_Library.a(list.o)
                0x00001c84                vListInitialise
                0x00001c9c                vListInitialiseItem
                0x00001ca4                vListInsertEnd
                0x00001cc4                vListInsert
                0x00001d00                vListRemove
 .text.I2CRead  0x00001d28       0x5c D:\Documentos\EC\EC020\Projeto2\Lib_EaBaseBoard\Debug\libLib_EaBaseBoard.a(light.o)
 .text.I2CWrite
                0x00001d84       0x5c D:\Documentos\EC\EC020\Projeto2\Lib_EaBaseBoard\Debug\libLib_EaBaseBoard.a(light.o)
 .text.light_init
                0x00001de0        0xc D:\Documentos\EC\EC020\Projeto2\Lib_EaBaseBoard\Debug\libLib_EaBaseBoard.a(light.o)
                0x00001de0                light_init
 .text.light_enable
                0x00001dec       0x48 D:\Documentos\EC\EC020\Projeto2\Lib_EaBaseBoard\Debug\libLib_EaBaseBoard.a(light.o)
                0x00001dec                light_enable
 .text.light_read
                0x00001e34       0x90 D:\Documentos\EC\EC020\Projeto2\Lib_EaBaseBoard\Debug\libLib_EaBaseBoard.a(light.o)
                0x00001e34                light_read
 .text.writeCommand
                0x00001ec4       0x60 D:\Documentos\EC\EC020\Projeto2\Lib_EaBaseBoard\Debug\libLib_EaBaseBoard.a(oled.o)
 .text.writeData
                0x00001f24       0x60 D:\Documentos\EC\EC020\Projeto2\Lib_EaBaseBoard\Debug\libLib_EaBaseBoard.a(oled.o)
 .text.writeDataLen
                0x00001f84       0x8c D:\Documentos\EC\EC020\Projeto2\Lib_EaBaseBoard\Debug\libLib_EaBaseBoard.a(oled.o)
 .text.runInitSequence
                0x00002010      0x118 D:\Documentos\EC\EC020\Projeto2\Lib_EaBaseBoard\Debug\libLib_EaBaseBoard.a(oled.o)
 .text.hLine    0x00002128       0x4c D:\Documentos\EC\EC020\Projeto2\Lib_EaBaseBoard\Debug\libLib_EaBaseBoard.a(oled.o)
 .text.vLine    0x00002174       0x4c D:\Documentos\EC\EC020\Projeto2\Lib_EaBaseBoard\Debug\libLib_EaBaseBoard.a(oled.o)
 .text.oled_init
                0x000021c0       0x9c D:\Documentos\EC\EC020\Projeto2\Lib_EaBaseBoard\Debug\libLib_EaBaseBoard.a(oled.o)
                0x000021c0                oled_init
 .text.oled_putPixel
                0x0000225c      0x188 D:\Documentos\EC\EC020\Projeto2\Lib_EaBaseBoard\Debug\libLib_EaBaseBoard.a(oled.o)
                0x0000225c                oled_putPixel
 .text.oled_fillRect
                0x000023e4       0x90 D:\Documentos\EC\EC020\Projeto2\Lib_EaBaseBoard\Debug\libLib_EaBaseBoard.a(oled.o)
                0x000023e4                oled_fillRect
 .text.oled_clearScreen
                0x00002474       0x74 D:\Documentos\EC\EC020\Projeto2\Lib_EaBaseBoard\Debug\libLib_EaBaseBoard.a(oled.o)
                0x00002474                oled_clearScreen
 .text.oled_putChar
                0x000024e8       0xf0 D:\Documentos\EC\EC020\Projeto2\Lib_EaBaseBoard\Debug\libLib_EaBaseBoard.a(oled.o)
                0x000024e8                oled_putChar
 .text.oled_putString
                0x000025d8       0x54 D:\Documentos\EC\EC020\Projeto2\Lib_EaBaseBoard\Debug\libLib_EaBaseBoard.a(oled.o)
                0x000025d8                oled_putString
 .text.GPIO_GetPointer
                0x0000262c       0x7c D:\Documentos\EC\EC020\Projeto2\Lib_MCU\Debug\libLib_MCU.a(lpc17xx_gpio.o)
 .text.GPIO_SetDir
                0x000026a8       0x54 D:\Documentos\EC\EC020\Projeto2\Lib_MCU\Debug\libLib_MCU.a(lpc17xx_gpio.o)
                0x000026a8                GPIO_SetDir
 .text.GPIO_SetValue
                0x000026fc       0x2c D:\Documentos\EC\EC020\Projeto2\Lib_MCU\Debug\libLib_MCU.a(lpc17xx_gpio.o)
                0x000026fc                GPIO_SetValue
 .text.GPIO_ClearValue
                0x00002728       0x2c D:\Documentos\EC\EC020\Projeto2\Lib_MCU\Debug\libLib_MCU.a(lpc17xx_gpio.o)
                0x00002728                GPIO_ClearValue
 .text.NVIC_EnableIRQ
                0x00002754       0x38 D:\Documentos\EC\EC020\Projeto2\Lib_MCU\Debug\libLib_MCU.a(lpc17xx_i2c.o)
 .text.NVIC_DisableIRQ
                0x0000278c       0x3c D:\Documentos\EC\EC020\Projeto2\Lib_MCU\Debug\libLib_MCU.a(lpc17xx_i2c.o)
 .text.I2C_getNum
                0x000027c8       0x54 D:\Documentos\EC\EC020\Projeto2\Lib_MCU\Debug\libLib_MCU.a(lpc17xx_i2c.o)
 .text.I2C_Start
                0x0000281c       0x44 D:\Documentos\EC\EC020\Projeto2\Lib_MCU\Debug\libLib_MCU.a(lpc17xx_i2c.o)
 .text.I2C_Stop
                0x00002860       0x38 D:\Documentos\EC\EC020\Projeto2\Lib_MCU\Debug\libLib_MCU.a(lpc17xx_i2c.o)
 .text.I2C_SendByte
                0x00002898       0x50 D:\Documentos\EC\EC020\Projeto2\Lib_MCU\Debug\libLib_MCU.a(lpc17xx_i2c.o)
 .text.I2C_GetByte
                0x000028e8       0x5c D:\Documentos\EC\EC020\Projeto2\Lib_MCU\Debug\libLib_MCU.a(lpc17xx_i2c.o)
 .text.I2C_IntCmd
                0x00002944       0xa8 D:\Documentos\EC\EC020\Projeto2\Lib_MCU\Debug\libLib_MCU.a(lpc17xx_i2c.o)
                0x00002944                I2C_IntCmd
 .text.I2C_MasterHandler
                0x000029ec      0x408 D:\Documentos\EC\EC020\Projeto2\Lib_MCU\Debug\libLib_MCU.a(lpc17xx_i2c.o)
                0x000029ec                I2C_MasterHandler
 .text.I2C_SetClock
                0x00002df4       0xc8 D:\Documentos\EC\EC020\Projeto2\Lib_MCU\Debug\libLib_MCU.a(lpc17xx_i2c.o)
                0x00002df4                I2C_SetClock
 .text.I2C_Init
                0x00002ebc       0xd8 D:\Documentos\EC\EC020\Projeto2\Lib_MCU\Debug\libLib_MCU.a(lpc17xx_i2c.o)
                0x00002ebc                I2C_Init
 .text.I2C_Cmd  0x00002f94       0x84 D:\Documentos\EC\EC020\Projeto2\Lib_MCU\Debug\libLib_MCU.a(lpc17xx_i2c.o)
                0x00002f94                I2C_Cmd
 .text.I2C_MasterTransferData
                0x00003018      0x390 D:\Documentos\EC\EC020\Projeto2\Lib_MCU\Debug\libLib_MCU.a(lpc17xx_i2c.o)
                0x00003018                I2C_MasterTransferData
 .text.check_failed
                0x000033a8        0xc D:\Documentos\EC\EC020\Projeto2\Lib_MCU\Debug\libLib_MCU.a(lpc17xx_libcfg_default.o)
                0x000033a8                check_failed
 .text.PINSEL_SetPinFunc
                0x000033b4       0x9c D:\Documentos\EC\EC020\Projeto2\Lib_MCU\Debug\libLib_MCU.a(lpc17xx_pinsel.o)
                0x000033b4                PINSEL_SetPinFunc
 .text.PINSEL_SetResistorMode
                0x00003450       0x9c D:\Documentos\EC\EC020\Projeto2\Lib_MCU\Debug\libLib_MCU.a(lpc17xx_pinsel.o)
                0x00003450                PINSEL_SetResistorMode
 .text.PINSEL_SetOpenDrainMode
                0x000034ec       0x7c D:\Documentos\EC\EC020\Projeto2\Lib_MCU\Debug\libLib_MCU.a(lpc17xx_pinsel.o)
                0x000034ec                PINSEL_SetOpenDrainMode
 .text.PINSEL_ConfigPin
                0x00003568       0x54 D:\Documentos\EC\EC020\Projeto2\Lib_MCU\Debug\libLib_MCU.a(lpc17xx_pinsel.o)
                0x00003568                PINSEL_ConfigPin
 .text.SSP_getNum
                0x000035bc       0x40 D:\Documentos\EC\EC020\Projeto2\Lib_MCU\Debug\libLib_MCU.a(lpc17xx_ssp.o)
 .text.SSP_IntHandler
                0x000035fc      0x338 D:\Documentos\EC\EC020\Projeto2\Lib_MCU\Debug\libLib_MCU.a(lpc17xx_ssp.o)
                0x000035fc                SSP_IntHandler
 .text.SSP_SetClock
                0x00003934       0xf8 D:\Documentos\EC\EC020\Projeto2\Lib_MCU\Debug\libLib_MCU.a(lpc17xx_ssp.o)
                0x00003934                SSP_SetClock
 .text.SSP_Init
                0x00003a2c      0x10c D:\Documentos\EC\EC020\Projeto2\Lib_MCU\Debug\libLib_MCU.a(lpc17xx_ssp.o)
                0x00003a2c                SSP_Init
 .text.SSP_ConfigStructInit
                0x00003b38       0x48 D:\Documentos\EC\EC020\Projeto2\Lib_MCU\Debug\libLib_MCU.a(lpc17xx_ssp.o)
                0x00003b38                SSP_ConfigStructInit
 .text.SSP_Cmd  0x00003b80       0x7c D:\Documentos\EC\EC020\Projeto2\Lib_MCU\Debug\libLib_MCU.a(lpc17xx_ssp.o)
                0x00003b80                SSP_Cmd
 .text.SSP_SendData
                0x00003bfc       0x48 D:\Documentos\EC\EC020\Projeto2\Lib_MCU\Debug\libLib_MCU.a(lpc17xx_ssp.o)
                0x00003bfc                SSP_SendData
 .text.SSP_ReceiveData
                0x00003c44       0x44 D:\Documentos\EC\EC020\Projeto2\Lib_MCU\Debug\libLib_MCU.a(lpc17xx_ssp.o)
                0x00003c44                SSP_ReceiveData
 .text.SSP_ReadWrite
                0x00003c88      0x440 D:\Documentos\EC\EC020\Projeto2\Lib_MCU\Debug\libLib_MCU.a(lpc17xx_ssp.o)
                0x00003c88                SSP_ReadWrite
 .text.CLKPWR_SetPCLKDiv
                0x000040c8       0xcc D:\Documentos\EC\EC020\Projeto2\Lib_MCU\Debug\libLib_MCU.a(lpc17xx_clkpwr.o)
                0x000040c8                CLKPWR_SetPCLKDiv
 .text.CLKPWR_GetPCLKSEL
                0x00004194       0x54 D:\Documentos\EC\EC020\Projeto2\Lib_MCU\Debug\libLib_MCU.a(lpc17xx_clkpwr.o)
                0x00004194                CLKPWR_GetPCLKSEL
 .text.CLKPWR_GetPCLK
                0x000041e8       0x74 D:\Documentos\EC\EC020\Projeto2\Lib_MCU\Debug\libLib_MCU.a(lpc17xx_clkpwr.o)
                0x000041e8                CLKPWR_GetPCLK
 .text.CLKPWR_ConfigPPWR
                0x0000425c       0x78 D:\Documentos\EC\EC020\Projeto2\Lib_MCU\Debug\libLib_MCU.a(lpc17xx_clkpwr.o)
                0x0000425c                CLKPWR_ConfigPPWR
 .text.__sys_write
                0x000042d4        0xc c:/nxp/lpcxpresso_6.1.4_194/lpcxpresso/tools/bin/../lib/gcc/arm-none-eabi/4.6.2/../../../../arm-none-eabi/lib/armv7-m\libcr_semihost.a(__sys_write.o)
                0x000042d4                __sys_write
                0x000042d4                __write
 .text.__main   0x000042e0       0x14 c:/nxp/lpcxpresso_6.1.4_194/lpcxpresso/tools/bin/../lib/gcc/arm-none-eabi/4.6.2/../../../../arm-none-eabi/lib/armv7-m\libcr_semihost.a(_cr__main.o)
                0x000042e0                __CR_SEMIHOST
                0x000042e0                __main
 .text.memcpy   0x000042f4        0x4 c:/nxp/lpcxpresso_6.1.4_194/lpcxpresso/tools/bin/../lib/gcc/arm-none-eabi/4.6.2/../../../../arm-none-eabi/lib/armv7-m\libcr_c.a(memcpy.o)
                0x000042f4                memcpy
 .text.memset   0x000042f8        0x4 c:/nxp/lpcxpresso_6.1.4_194/lpcxpresso/tools/bin/../lib/gcc/arm-none-eabi/4.6.2/../../../../arm-none-eabi/lib/armv7-m\libcr_c.a(memset.o)
                0x000042f8                memset
 .text.lose_trailing_zeros
                0x000042fc       0x1e c:/nxp/lpcxpresso_6.1.4_194/lpcxpresso/tools/bin/../lib/gcc/arm-none-eabi/4.6.2/../../../../arm-none-eabi/lib/armv7-m\libcr_c.a(fpprintf.o)
 .text.fp_round
                0x0000431a       0x54 c:/nxp/lpcxpresso_6.1.4_194/lpcxpresso/tools/bin/../lib/gcc/arm-none-eabi/4.6.2/../../../../arm-none-eabi/lib/armv7-m\libcr_c.a(fpprintf.o)
 .text.pr_dec.constprop.1
                0x0000436e       0x22 c:/nxp/lpcxpresso_6.1.4_194/lpcxpresso/tools/bin/../lib/gcc/arm-none-eabi/4.6.2/../../../../arm-none-eabi/lib/armv7-m\libcr_c.a(fpprintf.o)
 .text.sprintf  0x00004390       0x70 c:/nxp/lpcxpresso_6.1.4_194/lpcxpresso/tools/bin/../lib/gcc/arm-none-eabi/4.6.2/../../../../arm-none-eabi/lib/armv7-m\libcr_c.a(fpprintf.o)
                0x00004390                sprintf
 .text.fp_display
                0x00004400      0x908 c:/nxp/lpcxpresso_6.1.4_194/lpcxpresso/tools/bin/../lib/gcc/arm-none-eabi/4.6.2/../../../../arm-none-eabi/lib/armv7-m\libcr_c.a(fpprintf.o)
 .text._initio  0x00004d08       0x9c c:/nxp/lpcxpresso_6.1.4_194/lpcxpresso/tools/bin/../lib/gcc/arm-none-eabi/4.6.2/../../../../arm-none-eabi/lib/armv7-m\libcr_c.a(initio.o)
                0x00004d08                _initio
 .text.memcmp   0x00004da4       0x38 c:/nxp/lpcxpresso_6.1.4_194/lpcxpresso/tools/bin/../lib/gcc/arm-none-eabi/4.6.2/../../../../arm-none-eabi/lib/armv7-m\libcr_c.a(memcmp.o)
                0x00004da4                memcmp
 .text.__vfprintf
                0x00004ddc      0xd54 c:/nxp/lpcxpresso_6.1.4_194/lpcxpresso/tools/bin/../lib/gcc/arm-none-eabi/4.6.2/../../../../arm-none-eabi/lib/armv7-m\libcr_c.a(printf.o)
                0x00004ddc                __vfprintf
 .text.setvbuf  0x00005b30       0x48 c:/nxp/lpcxpresso_6.1.4_194/lpcxpresso/tools/bin/../lib/gcc/arm-none-eabi/4.6.2/../../../../arm-none-eabi/lib/armv7-m\libcr_c.a(setvbuf.o)
                0x00005b30                setvbuf
 .text.strcpy   0x00005b78       0x44 c:/nxp/lpcxpresso_6.1.4_194/lpcxpresso/tools/bin/../lib/gcc/arm-none-eabi/4.6.2/../../../../arm-none-eabi/lib/armv7-m\libcr_c.a(strcpy.o)
                0x00005b78                strcpy
 .text.strlen   0x00005bbc       0x4c c:/nxp/lpcxpresso_6.1.4_194/lpcxpresso/tools/bin/../lib/gcc/arm-none-eabi/4.6.2/../../../../arm-none-eabi/lib/armv7-m\libcr_c.a(strlen.o)
                0x00005bbc                strlen
 .text.strncpy  0x00005c08       0x54 c:/nxp/lpcxpresso_6.1.4_194/lpcxpresso/tools/bin/../lib/gcc/arm-none-eabi/4.6.2/../../../../arm-none-eabi/lib/armv7-m\libcr_c.a(strncpy.o)
                0x00005c08                strncpy
 .text._deferredlazyseek
                0x00005c5c       0x44 c:/nxp/lpcxpresso_6.1.4_194/lpcxpresso/tools/bin/../lib/gcc/arm-none-eabi/4.6.2/../../../../arm-none-eabi/lib/armv7-m\libcr_c.a(_deferredlazyseek.o)
                0x00005c5c                _deferredlazyseek
 .text.__flsbuf
                0x00005ca0      0x14e c:/nxp/lpcxpresso_6.1.4_194/lpcxpresso/tools/bin/../lib/gcc/arm-none-eabi/4.6.2/../../../../arm-none-eabi/lib/armv7-m\libcr_c.a(_deferredlazyseek.o)
                0x00005ca0                __flsbuf
 .text._fdopen  0x00005dee       0x6c c:/nxp/lpcxpresso_6.1.4_194/lpcxpresso/tools/bin/../lib/gcc/arm-none-eabi/4.6.2/../../../../arm-none-eabi/lib/armv7-m\libcr_c.a(_fdopen.o)
                0x00005dee                _fdopen
 .text._fflush  0x00005e5a       0x58 c:/nxp/lpcxpresso_6.1.4_194/lpcxpresso/tools/bin/../lib/gcc/arm-none-eabi/4.6.2/../../../../arm-none-eabi/lib/armv7-m\libcr_c.a(_fflush.o)
                0x00005e5a                _fflush
 .text._frexpl  0x00005eb2       0x60 c:/nxp/lpcxpresso_6.1.4_194/lpcxpresso/tools/bin/../lib/gcc/arm-none-eabi/4.6.2/../../../../arm-none-eabi/lib/armv7-m\libcr_c.a(_frexpl.o)
                0x00005eb2                _frexpl
 *fill*         0x00005f12        0x2 00
 .text._ldexpl  0x00005f14       0x50 c:/nxp/lpcxpresso_6.1.4_194/lpcxpresso/tools/bin/../lib/gcc/arm-none-eabi/4.6.2/../../../../arm-none-eabi/lib/armv7-m\libcr_c.a(_ldexpl.o)
                0x00005f14                _ldexpl
 .text._Cwritebuf
                0x00005f64       0x84 c:/nxp/lpcxpresso_6.1.4_194/lpcxpresso/tools/bin/../lib/gcc/arm-none-eabi/4.6.2/../../../../arm-none-eabi/lib/armv7-m\libcr_c.a(_writebuf.o)
                0x00005f64                _Cwritebuf
 .text.malloc   0x00005fe8       0xbc c:/nxp/lpcxpresso_6.1.4_194/lpcxpresso/tools/bin/../lib/gcc/arm-none-eabi/4.6.2/../../../../arm-none-eabi/lib/armv7-m\libcr_c.a(alloc.o)
                0x00005fe8                malloc
 .text.free     0x000060a4        0xc c:/nxp/lpcxpresso_6.1.4_194/lpcxpresso/tools/bin/../lib/gcc/arm-none-eabi/4.6.2/../../../../arm-none-eabi/lib/armv7-m\libcr_c.a(alloc.o)
                0x000060a4                free
 .text._Csys_alloc
                0x000060b0       0x20 c:/nxp/lpcxpresso_6.1.4_194/lpcxpresso/tools/bin/../lib/gcc/arm-none-eabi/4.6.2/../../../../arm-none-eabi/lib/armv7-m\libcr_c.a(alloc.o)
                0x000060b0                _Csys_alloc
 .text.fclose   0x000060d0       0x6c c:/nxp/lpcxpresso_6.1.4_194/lpcxpresso/tools/bin/../lib/gcc/arm-none-eabi/4.6.2/../../../../arm-none-eabi/lib/armv7-m\libcr_c.a(fclose.o)
                0x000060d0                fclose
 .text.fflush   0x0000613c       0x34 c:/nxp/lpcxpresso_6.1.4_194/lpcxpresso/tools/bin/../lib/gcc/arm-none-eabi/4.6.2/../../../../arm-none-eabi/lib/armv7-m\libcr_c.a(fflush.o)
                0x0000613c                fflush
 .text.fseek    0x00006170      0x104 c:/nxp/lpcxpresso_6.1.4_194/lpcxpresso/tools/bin/../lib/gcc/arm-none-eabi/4.6.2/../../../../arm-none-eabi/lib/armv7-m\libcr_c.a(fseek.o)
                0x00006170                fseek
 .text.ftell    0x00006274       0x4c c:/nxp/lpcxpresso_6.1.4_194/lpcxpresso/tools/bin/../lib/gcc/arm-none-eabi/4.6.2/../../../../arm-none-eabi/lib/armv7-m\libcr_c.a(ftell.o)
                0x00006274                ftell
 .text.remove   0x000062c0       0x14 c:/nxp/lpcxpresso_6.1.4_194/lpcxpresso/tools/bin/../lib/gcc/arm-none-eabi/4.6.2/../../../../arm-none-eabi/lib/armv7-m\libcr_c.a(remove.o)
                0x000062c0                remove
 .text._do_fflush
                0x000062d4       0x42 c:/nxp/lpcxpresso_6.1.4_194/lpcxpresso/tools/bin/../lib/gcc/arm-none-eabi/4.6.2/../../../../arm-none-eabi/lib/armv7-m\libcr_c.a(_do_fflush.o)
                0x000062d4                _do_fflush
 *fill*         0x00006316        0x2 00
 .text.__aeabi_dmul
                0x00006318      0x138 c:/nxp/lpcxpresso_6.1.4_194/lpcxpresso/tools/bin/../lib/gcc/arm-none-eabi/4.6.2/armv7-m\libcr_eabihelpers.a(double.o)
                0x00006318                __aeabi_dmul
 .text.__aeabi_ddiv
                0x00006450      0x168 c:/nxp/lpcxpresso_6.1.4_194/lpcxpresso/tools/bin/../lib/gcc/arm-none-eabi/4.6.2/armv7-m\libcr_eabihelpers.a(double.o)
                0x00006450                __aeabi_ddiv
 .text.__aeabi_dsub
                0x000065b8      0x1f4 c:/nxp/lpcxpresso_6.1.4_194/lpcxpresso/tools/bin/../lib/gcc/arm-none-eabi/4.6.2/armv7-m\libcr_eabihelpers.a(double.o)
                0x000065b8                __aeabi_dsub
 .text.__aeabi_dadd
                0x000067ac      0x154 c:/nxp/lpcxpresso_6.1.4_194/lpcxpresso/tools/bin/../lib/gcc/arm-none-eabi/4.6.2/armv7-m\libcr_eabihelpers.a(double.o)
                0x000067ac                __aeabi_dadd
 .text.__aeabi_d2iz
                0x00006900       0x40 c:/nxp/lpcxpresso_6.1.4_194/lpcxpresso/tools/bin/../lib/gcc/arm-none-eabi/4.6.2/armv7-m\libcr_eabihelpers.a(double.o)
                0x00006900                __aeabi_d2iz
 .text.__bhs_ui2d
                0x00006940       0x5c c:/nxp/lpcxpresso_6.1.4_194/lpcxpresso/tools/bin/../lib/gcc/arm-none-eabi/4.6.2/armv7-m\libcr_eabihelpers.a(double.o)
                0x00006940                __bhs_ui2d
 .text.__aeabi_i2d
                0x0000699c       0x10 c:/nxp/lpcxpresso_6.1.4_194/lpcxpresso/tools/bin/../lib/gcc/arm-none-eabi/4.6.2/armv7-m\libcr_eabihelpers.a(double.o)
                0x0000699c                __aeabi_i2d
 .text.__aeabi_dcmpeq
                0x000069ac       0x3c c:/nxp/lpcxpresso_6.1.4_194/lpcxpresso/tools/bin/../lib/gcc/arm-none-eabi/4.6.2/armv7-m\libcr_eabihelpers.a(double.o)
                0x000069ac                __aeabi_dcmpeq
 .text.__aeabi_dcmplt
                0x000069e8       0x5c c:/nxp/lpcxpresso_6.1.4_194/lpcxpresso/tools/bin/../lib/gcc/arm-none-eabi/4.6.2/armv7-m\libcr_eabihelpers.a(double.o)
                0x000069e8                __aeabi_dcmplt
 .text.__aeabi_dcmple
                0x00006a44       0x58 c:/nxp/lpcxpresso_6.1.4_194/lpcxpresso/tools/bin/../lib/gcc/arm-none-eabi/4.6.2/armv7-m\libcr_eabihelpers.a(double.o)
                0x00006a44                __aeabi_dcmple
 .text.__aeabi_dcmpge
                0x00006a9c       0x5c c:/nxp/lpcxpresso_6.1.4_194/lpcxpresso/tools/bin/../lib/gcc/arm-none-eabi/4.6.2/armv7-m\libcr_eabihelpers.a(double.o)
                0x00006a9c                __aeabi_dcmpge
 .text.__aeabi_memcpy
                0x00006af8       0x26 c:/nxp/lpcxpresso_6.1.4_194/lpcxpresso/tools/bin/../lib/gcc/arm-none-eabi/4.6.2/armv7-m\libcr_eabihelpers.a(memcpy.o)
                0x00006af8                __aeabi_memcpy4
                0x00006af8                __aeabi_memcpy8
                0x00006af8                __aeabi_memcpy
 .text.__aeabi_memset_lowlevel
                0x00006b1e       0x24 c:/nxp/lpcxpresso_6.1.4_194/lpcxpresso/tools/bin/../lib/gcc/arm-none-eabi/4.6.2/armv7-m\libcr_eabihelpers.a(memcpy.o)
                0x00006b1e                __aeabi_lowlevel_memset
 *fill*         0x00006b42        0x2 00
 .text.__sys_appexit
                0x00006b44        0xc c:/nxp/lpcxpresso_6.1.4_194/lpcxpresso/tools/bin/../lib/gcc/arm-none-eabi/4.6.2/../../../../arm-none-eabi/lib/armv7-m\libcr_semihost.a(__sys_appexit.o)
                0x00006b44                __sys_appexit
                0x00006b44                __exit
 .text.__sys_close
                0x00006b50        0xc c:/nxp/lpcxpresso_6.1.4_194/lpcxpresso/tools/bin/../lib/gcc/arm-none-eabi/4.6.2/../../../../arm-none-eabi/lib/armv7-m\libcr_semihost.a(__sys_close.o)
                0x00006b50                __sys_close
 .text.__sys_flen
                0x00006b5c        0xc c:/nxp/lpcxpresso_6.1.4_194/lpcxpresso/tools/bin/../lib/gcc/arm-none-eabi/4.6.2/../../../../arm-none-eabi/lib/armv7-m\libcr_semihost.a(__sys_flen.o)
                0x00006b5c                __sys_flen
 .text.__sys_istty
                0x00006b68        0xc c:/nxp/lpcxpresso_6.1.4_194/lpcxpresso/tools/bin/../lib/gcc/arm-none-eabi/4.6.2/../../../../arm-none-eabi/lib/armv7-m\libcr_semihost.a(__sys_istty.o)
                0x00006b68                __sys_istty
 .text.__sys_remove
                0x00006b74        0xc c:/nxp/lpcxpresso_6.1.4_194/lpcxpresso/tools/bin/../lib/gcc/arm-none-eabi/4.6.2/../../../../arm-none-eabi/lib/armv7-m\libcr_semihost.a(__sys_remove.o)
                0x00006b74                __sys_remove
 .text.__sys_seek
                0x00006b80        0xc c:/nxp/lpcxpresso_6.1.4_194/lpcxpresso/tools/bin/../lib/gcc/arm-none-eabi/4.6.2/../../../../arm-none-eabi/lib/armv7-m\libcr_semihost.a(__sys_seek.o)
                0x00006b80                __sys_seek
 .text.__sys_tmpnam
                0x00006b8c        0xc c:/nxp/lpcxpresso_6.1.4_194/lpcxpresso/tools/bin/../lib/gcc/arm-none-eabi/4.6.2/../../../../arm-none-eabi/lib/armv7-m\libcr_semihost.a(__sys_tmpnam.o)
                0x00006b8c                __sys_tmpnam
 .text._sbrk    0x00006b98       0x40 c:/nxp/lpcxpresso_6.1.4_194/lpcxpresso/tools/bin/../lib/gcc/arm-none-eabi/4.6.2/../../../../arm-none-eabi/lib/armv7-m\libcr_semihost.a(_cr_sbrk.o)
                0x00006b98                _sbrk
 .text.__check_heap_overflow
                0x00006bd8       0x2c c:/nxp/lpcxpresso_6.1.4_194/lpcxpresso/tools/bin/../lib/gcc/arm-none-eabi/4.6.2/../../../../arm-none-eabi/lib/armv7-m\libcr_semihost.a(_cr_check_heap.o)
                0x00006bd8                __check_heap_overflow
 *(.rodata .rodata.* .constdata .constdata.*)
 .rodata        0x00006c04       0x84 ./main.o
 .rodata.str1.4
                0x00006c88        0x8 D:\Documentos\EC\EC020\Projeto2\FreeRTOS_Library\Debug\libFreeRTOS_Library.a(basic_io.o)
 .rodata        0x00006c90       0x14 D:\Documentos\EC\EC020\Projeto2\FreeRTOS_Library\Debug\libFreeRTOS_Library.a(tasks.o)
 .rodata.str1.4
                0x00006ca4        0x8 D:\Documentos\EC\EC020\Projeto2\FreeRTOS_Library\Debug\libFreeRTOS_Library.a(tasks.o)
 .rodata        0x00006cac        0x8 D:\Documentos\EC\EC020\Projeto2\Lib_EaBaseBoard\Debug\libLib_EaBaseBoard.a(oled.o)
 .rodata        0x00006cb4      0x300 D:\Documentos\EC\EC020\Projeto2\Lib_EaBaseBoard\Debug\libLib_EaBaseBoard.a(font5x7.o)
                0x00006cb4                font5x7
 .rodata        0x00006fb4       0x18 D:\Documentos\EC\EC020\Projeto2\Lib_MCU\Debug\libLib_MCU.a(lpc17xx_i2c.o)
 .rodata        0x00006fcc       0x18 D:\Documentos\EC\EC020\Projeto2\Lib_MCU\Debug\libLib_MCU.a(lpc17xx_ssp.o)
 .rodata.str1.1
                0x00006fe4       0x34 c:/nxp/lpcxpresso_6.1.4_194/lpcxpresso/tools/bin/../lib/gcc/arm-none-eabi/4.6.2/../../../../arm-none-eabi/lib/armv7-m\libcr_c.a(fpprintf.o)
                                 0x35 (size before relaxing)
 .rodata.str1.1
                0x00007018        0x4 c:/nxp/lpcxpresso_6.1.4_194/lpcxpresso/tools/bin/../lib/gcc/arm-none-eabi/4.6.2/../../../../arm-none-eabi/lib/armv7-m\libcr_c.a(initio.o)
 .rodata.str1.1
                0x0000701c       0x31 c:/nxp/lpcxpresso_6.1.4_194/lpcxpresso/tools/bin/../lib/gcc/arm-none-eabi/4.6.2/../../../../arm-none-eabi/lib/armv7-m\libcr_c.a(printf.o)
                                 0x38 (size before relaxing)
 .rodata.str1.1
                0x0000704d       0x18 c:/nxp/lpcxpresso_6.1.4_194/lpcxpresso/tools/bin/../lib/gcc/arm-none-eabi/4.6.2/../../../../arm-none-eabi/lib/armv7-m\libcr_c.a(alloc.o)
 *fill*         0x00007065        0x3 00
 .rodata.__huge_vall
                0x00007068        0x8 c:/nxp/lpcxpresso_6.1.4_194/lpcxpresso/tools/bin/../lib/gcc/arm-none-eabi/4.6.2/../../../../arm-none-eabi/lib/armv7-m\libcr_c.a(_hugeval.o)
                0x00007068                __huge_vall
                0x00007070                . = ALIGN (0x4)

.glue_7         0x00007070        0x0
 .glue_7        0x00000000        0x0 linker stubs

.glue_7t        0x00007070        0x0
 .glue_7t       0x00000000        0x0 linker stubs

.vfp11_veneer   0x00007070        0x0
 .vfp11_veneer  0x00000000        0x0 linker stubs

.v4_bx          0x00007070        0x0
 .v4_bx         0x00000000        0x0 linker stubs

.ARM.extab
 *(.ARM.extab* .gnu.linkonce.armextab.*)
                0x00007070                __exidx_start = .

.ARM.exidx
 *(.ARM.exidx* .gnu.linkonce.armexidx.*)
                0x00007070                __exidx_end = .
                0x00007070                _etext = .

.data_RAM2      0x2007c000        0x0 load address 0x00007070
 FILL mask 0xff
 *(.data.$RAM2*)
 *(.data.$RamAHB32*)
                0x2007c000                . = ALIGN (0x4)

.uninit_RESERVED
                0x10000000        0x0
 *(.bss.$RESERVED*)
                0x10000000                . = ALIGN (0x4)
                0x10000000                _end_uninit_RESERVED = .

.data           0x10000000       0x18 load address 0x00007070
 FILL mask 0xff
                0x10000000                _data = .
 *(vtable)
 *(.data*)
 .data          0x10000000        0x4 ./main.o
 .data          0x10000004        0x4 D:\Documentos\EC\EC020\Projeto2\Lib_CMSISv1p30_LPC17xx\Debug\libLib_CMSISv1p30_LPC17xx.a(system_LPC17xx.o)
                0x10000004                SystemCoreClock
 .data          0x10000008        0x4 D:\Documentos\EC\EC020\Projeto2\FreeRTOS_Library\Debug\libFreeRTOS_Library.a(port.o)
 .data          0x1000000c        0x4 D:\Documentos\EC\EC020\Projeto2\FreeRTOS_Library\Debug\libFreeRTOS_Library.a(heap_2.o)
 .data          0x10000010        0x8 D:\Documentos\EC\EC020\Projeto2\Lib_EaBaseBoard\Debug\libLib_EaBaseBoard.a(light.o)
                0x10000018                . = ALIGN (0x4)
                0x10000018                _edata = .

.bss_RAM2       0x2007c000        0x0
 *(.bss.$RAM2*)
 *(.bss.$RamAHB32*)
                0x2007c000                . = ALIGN (0x4)

.bss            0x10000018     0x2de4
                0x10000018                _bss = .
 *(.bss*)
 .bss           0x10000018       0x34 D:\Documentos\EC\EC020\Projeto2\FreeRTOS_Library\Debug\libFreeRTOS_Library.a(basic_io.o)
 .bss           0x1000004c      0x100 D:\Documentos\EC\EC020\Projeto2\FreeRTOS_Library\Debug\libFreeRTOS_Library.a(tasks.o)
                0x10000050                pxCurrentTCB
 *fill*         0x1000014c        0x4 00
 .bss           0x10000150     0x2818 D:\Documentos\EC\EC020\Projeto2\FreeRTOS_Library\Debug\libFreeRTOS_Library.a(heap_2.o)
 .bss           0x10002968      0x300 D:\Documentos\EC\EC020\Projeto2\Lib_EaBaseBoard\Debug\libLib_EaBaseBoard.a(oled.o)
 .bss           0x10002c68       0x24 D:\Documentos\EC\EC020\Projeto2\Lib_MCU\Debug\libLib_MCU.a(lpc17xx_i2c.o)
 .bss           0x10002c8c       0x18 D:\Documentos\EC\EC020\Projeto2\Lib_MCU\Debug\libLib_MCU.a(lpc17xx_ssp.o)
 .bss.errno     0x10002ca4        0x4 c:/nxp/lpcxpresso_6.1.4_194/lpcxpresso/tools/bin/../lib/gcc/arm-none-eabi/4.6.2/../../../../arm-none-eabi/lib/armv7-m\libcr_c.a(errno.o)
                0x10002ca4                errno
 *(COMMON)
 COMMON         0x10002ca8        0x4 ./Sensor.o
                0x10002ca8                ClassHandle
 COMMON         0x10002cac        0x4 ./main.o
                0x10002cac                xQueue
 COMMON         0x10002cb0        0x4 c:/nxp/lpcxpresso_6.1.4_194/lpcxpresso/tools/bin/../lib/gcc/arm-none-eabi/4.6.2/../../../../arm-none-eabi/lib/armv7-m\libcr_c.a(initio.o)
                0x10002cb0                _extra
 COMMON         0x10002cb4      0x140 c:/nxp/lpcxpresso_6.1.4_194/lpcxpresso/tools/bin/../lib/gcc/arm-none-eabi/4.6.2/../../../../arm-none-eabi/lib/armv7-m\libcr_c.a(stdio.o)
                0x10002cb4                __Ciob
 COMMON         0x10002df4        0x8 c:/nxp/lpcxpresso_6.1.4_194/lpcxpresso/tools/bin/../lib/gcc/arm-none-eabi/4.6.2/../../../../arm-none-eabi/lib/armv7-m\libcr_c.a(__init_alloc.o)
                0x10002df4                __heaps
                0x10002df8                __end_of_heap
                0x10002dfc                . = ALIGN (0x4)
                0x10002dfc                _ebss = .
                0x10002dfc                PROVIDE (end, .)

.noinit_RAM2    0x2007c000        0x0
 *(.noinit.$RAM2*)
 *(.noinit.$RamAHB32*)
                0x2007c000                . = ALIGN (0x4)

.noinit         0x10002dfc        0x0
                0x10002dfc                _noinit = .
 *(.noinit*)
                0x10002dfc                . = ALIGN (0x4)
                0x10002dfc                _end_noinit = .
                0x10002dfc                PROVIDE (_pvHeapStart, .)
                0x10008000                PROVIDE (_vStackTop, (__top_RamLoc32 - 0x0))
OUTPUT(Example06.axf elf32-littlearm)

.debug_info     0x00000000     0x6ad2
 .debug_info    0x00000000      0x412 ./Sensor.o
 .debug_info    0x00000412      0x210 ./cr_startup_lpc17.o
 .debug_info    0x00000622      0x35c ./main.o
 .debug_info    0x0000097e      0x357 D:\Documentos\EC\EC020\Projeto2\Lib_CMSISv1p30_LPC17xx\Debug\libLib_CMSISv1p30_LPC17xx.a(system_LPC17xx.o)
 .debug_info    0x00000cd5      0x220 D:\Documentos\EC\EC020\Projeto2\FreeRTOS_Library\Debug\libFreeRTOS_Library.a(port.o)
 .debug_info    0x00000ef5      0x12c D:\Documentos\EC\EC020\Projeto2\FreeRTOS_Library\Debug\libFreeRTOS_Library.a(basic_io.o)
 .debug_info    0x00001021       0xaa D:\Documentos\EC\EC020\Projeto2\FreeRTOS_Library\Debug\libFreeRTOS_Library.a(consoleprint.o)
 .debug_info    0x000010cb      0x814 D:\Documentos\EC\EC020\Projeto2\FreeRTOS_Library\Debug\libFreeRTOS_Library.a(queue.o)
 .debug_info    0x000018df      0xe7c D:\Documentos\EC\EC020\Projeto2\FreeRTOS_Library\Debug\libFreeRTOS_Library.a(tasks.o)
 .debug_info    0x0000275b      0x2ef D:\Documentos\EC\EC020\Projeto2\FreeRTOS_Library\Debug\libFreeRTOS_Library.a(heap_2.o)
 .debug_info    0x00002a4a      0x2c5 D:\Documentos\EC\EC020\Projeto2\FreeRTOS_Library\Debug\libFreeRTOS_Library.a(list.o)
 .debug_info    0x00002d0f      0x763 D:\Documentos\EC\EC020\Projeto2\Lib_EaBaseBoard\Debug\libLib_EaBaseBoard.a(light.o)
 .debug_info    0x00003472      0x97d D:\Documentos\EC\EC020\Projeto2\Lib_EaBaseBoard\Debug\libLib_EaBaseBoard.a(oled.o)
 .debug_info    0x00003def       0x65 D:\Documentos\EC\EC020\Projeto2\Lib_EaBaseBoard\Debug\libLib_EaBaseBoard.a(font5x7.o)
 .debug_info    0x00003e54      0xb95 D:\Documentos\EC\EC020\Projeto2\Lib_MCU\Debug\libLib_MCU.a(lpc17xx_gpio.o)
 .debug_info    0x000049e9      0xcc3 D:\Documentos\EC\EC020\Projeto2\Lib_MCU\Debug\libLib_MCU.a(lpc17xx_i2c.o)
 .debug_info    0x000056ac       0xcd D:\Documentos\EC\EC020\Projeto2\Lib_MCU\Debug\libLib_MCU.a(lpc17xx_libcfg_default.o)
 .debug_info    0x00005779      0x4b1 D:\Documentos\EC\EC020\Projeto2\Lib_MCU\Debug\libLib_MCU.a(lpc17xx_pinsel.o)
 .debug_info    0x00005c2a      0x867 D:\Documentos\EC\EC020\Projeto2\Lib_MCU\Debug\libLib_MCU.a(lpc17xx_ssp.o)
 .debug_info    0x00006491      0x641 D:\Documentos\EC\EC020\Projeto2\Lib_MCU\Debug\libLib_MCU.a(lpc17xx_clkpwr.o)

.debug_abbrev   0x00000000     0x19c5
 .debug_abbrev  0x00000000      0x145 ./Sensor.o
 .debug_abbrev  0x00000145       0xb4 ./cr_startup_lpc17.o
 .debug_abbrev  0x000001f9      0x148 ./main.o
 .debug_abbrev  0x00000341       0xce D:\Documentos\EC\EC020\Projeto2\Lib_CMSISv1p30_LPC17xx\Debug\libLib_CMSISv1p30_LPC17xx.a(system_LPC17xx.o)
 .debug_abbrev  0x0000040f      0x141 D:\Documentos\EC\EC020\Projeto2\FreeRTOS_Library\Debug\libFreeRTOS_Library.a(port.o)
 .debug_abbrev  0x00000550       0x9b D:\Documentos\EC\EC020\Projeto2\FreeRTOS_Library\Debug\libFreeRTOS_Library.a(basic_io.o)
 .debug_abbrev  0x000005eb       0x7b D:\Documentos\EC\EC020\Projeto2\FreeRTOS_Library\Debug\libFreeRTOS_Library.a(consoleprint.o)
 .debug_abbrev  0x00000666      0x1b3 D:\Documentos\EC\EC020\Projeto2\FreeRTOS_Library\Debug\libFreeRTOS_Library.a(queue.o)
 .debug_abbrev  0x00000819      0x2b1 D:\Documentos\EC\EC020\Projeto2\FreeRTOS_Library\Debug\libFreeRTOS_Library.a(tasks.o)
 .debug_abbrev  0x00000aca      0x19e D:\Documentos\EC\EC020\Projeto2\FreeRTOS_Library\Debug\libFreeRTOS_Library.a(heap_2.o)
 .debug_abbrev  0x00000c68       0xda D:\Documentos\EC\EC020\Projeto2\FreeRTOS_Library\Debug\libFreeRTOS_Library.a(list.o)
 .debug_abbrev  0x00000d42      0x1bd D:\Documentos\EC\EC020\Projeto2\Lib_EaBaseBoard\Debug\libLib_EaBaseBoard.a(light.o)
 .debug_abbrev  0x00000eff      0x1f1 D:\Documentos\EC\EC020\Projeto2\Lib_EaBaseBoard\Debug\libLib_EaBaseBoard.a(oled.o)
 .debug_abbrev  0x000010f0       0x4b D:\Documentos\EC\EC020\Projeto2\Lib_EaBaseBoard\Debug\libLib_EaBaseBoard.a(font5x7.o)
 .debug_abbrev  0x0000113b      0x185 D:\Documentos\EC\EC020\Projeto2\Lib_MCU\Debug\libLib_MCU.a(lpc17xx_gpio.o)
 .debug_abbrev  0x000012c0      0x24a D:\Documentos\EC\EC020\Projeto2\Lib_MCU\Debug\libLib_MCU.a(lpc17xx_i2c.o)
 .debug_abbrev  0x0000150a       0x6a D:\Documentos\EC\EC020\Projeto2\Lib_MCU\Debug\libLib_MCU.a(lpc17xx_libcfg_default.o)
 .debug_abbrev  0x00001574      0x10a D:\Documentos\EC\EC020\Projeto2\Lib_MCU\Debug\libLib_MCU.a(lpc17xx_pinsel.o)
 .debug_abbrev  0x0000167e      0x1d3 D:\Documentos\EC\EC020\Projeto2\Lib_MCU\Debug\libLib_MCU.a(lpc17xx_ssp.o)
 .debug_abbrev  0x00001851      0x174 D:\Documentos\EC\EC020\Projeto2\Lib_MCU\Debug\libLib_MCU.a(lpc17xx_clkpwr.o)

.debug_loc      0x00000000     0x31cb
 .debug_loc     0x00000000       0xc8 ./Sensor.o
 .debug_loc     0x000000c8      0x1f0 ./cr_startup_lpc17.o
 .debug_loc     0x000002b8      0x1d4 ./main.o
 .debug_loc     0x0000048c       0x58 D:\Documentos\EC\EC020\Projeto2\Lib_CMSISv1p30_LPC17xx\Debug\libLib_CMSISv1p30_LPC17xx.a(system_LPC17xx.o)
 .debug_loc     0x000004e4       0x94 D:\Documentos\EC\EC020\Projeto2\FreeRTOS_Library\Debug\libFreeRTOS_Library.a(port.o)
 .debug_loc     0x00000578       0x9a D:\Documentos\EC\EC020\Projeto2\FreeRTOS_Library\Debug\libFreeRTOS_Library.a(basic_io.o)
 .debug_loc     0x00000612       0x5c D:\Documentos\EC\EC020\Projeto2\FreeRTOS_Library\Debug\libFreeRTOS_Library.a(consoleprint.o)
 .debug_loc     0x0000066e      0x68c D:\Documentos\EC\EC020\Projeto2\FreeRTOS_Library\Debug\libFreeRTOS_Library.a(queue.o)
 .debug_loc     0x00000cfa      0xa90 D:\Documentos\EC\EC020\Projeto2\FreeRTOS_Library\Debug\libFreeRTOS_Library.a(tasks.o)
 .debug_loc     0x0000178a      0x201 D:\Documentos\EC\EC020\Projeto2\FreeRTOS_Library\Debug\libFreeRTOS_Library.a(heap_2.o)
 .debug_loc     0x0000198b       0x4a D:\Documentos\EC\EC020\Projeto2\FreeRTOS_Library\Debug\libFreeRTOS_Library.a(list.o)
 .debug_loc     0x000019d5      0x378 D:\Documentos\EC\EC020\Projeto2\Lib_EaBaseBoard\Debug\libLib_EaBaseBoard.a(light.o)
 .debug_loc     0x00001d4d      0x33e D:\Documentos\EC\EC020\Projeto2\Lib_EaBaseBoard\Debug\libLib_EaBaseBoard.a(oled.o)
 .debug_loc     0x0000208b      0x4d0 D:\Documentos\EC\EC020\Projeto2\Lib_MCU\Debug\libLib_MCU.a(lpc17xx_gpio.o)
 .debug_loc     0x0000255b      0x4e4 D:\Documentos\EC\EC020\Projeto2\Lib_MCU\Debug\libLib_MCU.a(lpc17xx_i2c.o)
 .debug_loc     0x00002a3f       0x38 D:\Documentos\EC\EC020\Projeto2\Lib_MCU\Debug\libLib_MCU.a(lpc17xx_libcfg_default.o)
 .debug_loc     0x00002a77      0x150 D:\Documentos\EC\EC020\Projeto2\Lib_MCU\Debug\libLib_MCU.a(lpc17xx_pinsel.o)
 .debug_loc     0x00002bc7      0x448 D:\Documentos\EC\EC020\Projeto2\Lib_MCU\Debug\libLib_MCU.a(lpc17xx_ssp.o)
 .debug_loc     0x0000300f      0x1bc D:\Documentos\EC\EC020\Projeto2\Lib_MCU\Debug\libLib_MCU.a(lpc17xx_clkpwr.o)

.debug_aranges  0x00000000      0x650
 .debug_aranges
                0x00000000       0x38 ./Sensor.o
 .debug_aranges
                0x00000038       0x70 ./cr_startup_lpc17.o
 .debug_aranges
                0x000000a8       0x60 ./main.o
 .debug_aranges
                0x00000108       0x28 D:\Documentos\EC\EC020\Projeto2\Lib_CMSISv1p30_LPC17xx\Debug\libLib_CMSISv1p30_LPC17xx.a(system_LPC17xx.o)
 .debug_aranges
                0x00000130       0x20 D:\Documentos\EC\EC020\Projeto2\FreeRTOS_Library\Debug\libFreeRTOS_Library.a(port.o)
 .debug_aranges
                0x00000150       0x20 D:\Documentos\EC\EC020\Projeto2\FreeRTOS_Library\Debug\libFreeRTOS_Library.a(basic_io.o)
 .debug_aranges
                0x00000170       0x20 D:\Documentos\EC\EC020\Projeto2\FreeRTOS_Library\Debug\libFreeRTOS_Library.a(consoleprint.o)
 .debug_aranges
                0x00000190       0x20 D:\Documentos\EC\EC020\Projeto2\FreeRTOS_Library\Debug\libFreeRTOS_Library.a(queue.o)
 .debug_aranges
                0x000001b0       0x20 D:\Documentos\EC\EC020\Projeto2\FreeRTOS_Library\Debug\libFreeRTOS_Library.a(tasks.o)
 .debug_aranges
                0x000001d0       0x20 D:\Documentos\EC\EC020\Projeto2\FreeRTOS_Library\Debug\libFreeRTOS_Library.a(heap_2.o)
 .debug_aranges
                0x000001f0       0x20 D:\Documentos\EC\EC020\Projeto2\FreeRTOS_Library\Debug\libFreeRTOS_Library.a(list.o)
 .debug_aranges
                0x00000210       0x98 D:\Documentos\EC\EC020\Projeto2\Lib_EaBaseBoard\Debug\libLib_EaBaseBoard.a(light.o)
 .debug_aranges
                0x000002a8       0x90 D:\Documentos\EC\EC020\Projeto2\Lib_EaBaseBoard\Debug\libLib_EaBaseBoard.a(oled.o)
 .debug_aranges
                0x00000338       0xc8 D:\Documentos\EC\EC020\Projeto2\Lib_MCU\Debug\libLib_MCU.a(lpc17xx_gpio.o)
 .debug_aranges
                0x00000400       0xd0 D:\Documentos\EC\EC020\Projeto2\Lib_MCU\Debug\libLib_MCU.a(lpc17xx_i2c.o)
 .debug_aranges
                0x000004d0       0x20 D:\Documentos\EC\EC020\Projeto2\Lib_MCU\Debug\libLib_MCU.a(lpc17xx_libcfg_default.o)
 .debug_aranges
                0x000004f0       0x48 D:\Documentos\EC\EC020\Projeto2\Lib_MCU\Debug\libLib_MCU.a(lpc17xx_pinsel.o)
 .debug_aranges
                0x00000538       0xb8 D:\Documentos\EC\EC020\Projeto2\Lib_MCU\Debug\libLib_MCU.a(lpc17xx_ssp.o)
 .debug_aranges
                0x000005f0       0x60 D:\Documentos\EC\EC020\Projeto2\Lib_MCU\Debug\libLib_MCU.a(lpc17xx_clkpwr.o)

.debug_ranges   0x00000000      0x528
 .debug_ranges  0x00000000       0x28 ./Sensor.o
 .debug_ranges  0x00000028       0x60 ./cr_startup_lpc17.o
 .debug_ranges  0x00000088       0x50 ./main.o
 .debug_ranges  0x000000d8       0x18 D:\Documentos\EC\EC020\Projeto2\Lib_CMSISv1p30_LPC17xx\Debug\libLib_CMSISv1p30_LPC17xx.a(system_LPC17xx.o)
 .debug_ranges  0x000000f0       0x78 D:\Documentos\EC\EC020\Projeto2\FreeRTOS_Library\Debug\libFreeRTOS_Library.a(tasks.o)
 .debug_ranges  0x00000168       0x88 D:\Documentos\EC\EC020\Projeto2\Lib_EaBaseBoard\Debug\libLib_EaBaseBoard.a(light.o)
 .debug_ranges  0x000001f0       0x80 D:\Documentos\EC\EC020\Projeto2\Lib_EaBaseBoard\Debug\libLib_EaBaseBoard.a(oled.o)
 .debug_ranges  0x00000270       0xb8 D:\Documentos\EC\EC020\Projeto2\Lib_MCU\Debug\libLib_MCU.a(lpc17xx_gpio.o)
 .debug_ranges  0x00000328       0xc0 D:\Documentos\EC\EC020\Projeto2\Lib_MCU\Debug\libLib_MCU.a(lpc17xx_i2c.o)
 .debug_ranges  0x000003e8       0x10 D:\Documentos\EC\EC020\Projeto2\Lib_MCU\Debug\libLib_MCU.a(lpc17xx_libcfg_default.o)
 .debug_ranges  0x000003f8       0x38 D:\Documentos\EC\EC020\Projeto2\Lib_MCU\Debug\libLib_MCU.a(lpc17xx_pinsel.o)
 .debug_ranges  0x00000430       0xa8 D:\Documentos\EC\EC020\Projeto2\Lib_MCU\Debug\libLib_MCU.a(lpc17xx_ssp.o)
 .debug_ranges  0x000004d8       0x50 D:\Documentos\EC\EC020\Projeto2\Lib_MCU\Debug\libLib_MCU.a(lpc17xx_clkpwr.o)

.debug_line     0x00000000     0x6813
 .debug_line    0x00000000      0x4c4 ./Sensor.o
 .debug_line    0x000004c4      0x445 ./cr_startup_lpc17.o
 .debug_line    0x00000909      0x6c0 ./main.o
 .debug_line    0x00000fc9      0x407 D:\Documentos\EC\EC020\Projeto2\Lib_CMSISv1p30_LPC17xx\Debug\libLib_CMSISv1p30_LPC17xx.a(system_LPC17xx.o)
 .debug_line    0x000013d0      0x4b0 D:\Documentos\EC\EC020\Projeto2\FreeRTOS_Library\Debug\libFreeRTOS_Library.a(port.o)
 .debug_line    0x00001880      0x4b0 D:\Documentos\EC\EC020\Projeto2\FreeRTOS_Library\Debug\libFreeRTOS_Library.a(basic_io.o)
 .debug_line    0x00001d30      0x2d8 D:\Documentos\EC\EC020\Projeto2\FreeRTOS_Library\Debug\libFreeRTOS_Library.a(consoleprint.o)
 .debug_line    0x00002008      0x5c4 D:\Documentos\EC\EC020\Projeto2\FreeRTOS_Library\Debug\libFreeRTOS_Library.a(queue.o)
 .debug_line    0x000025cc      0x7cc D:\Documentos\EC\EC020\Projeto2\FreeRTOS_Library\Debug\libFreeRTOS_Library.a(tasks.o)
 .debug_line    0x00002d98      0x4ea D:\Documentos\EC\EC020\Projeto2\FreeRTOS_Library\Debug\libFreeRTOS_Library.a(heap_2.o)
 .debug_line    0x00003282      0x4b0 D:\Documentos\EC\EC020\Projeto2\FreeRTOS_Library\Debug\libFreeRTOS_Library.a(list.o)
 .debug_line    0x00003732      0x584 D:\Documentos\EC\EC020\Projeto2\Lib_EaBaseBoard\Debug\libLib_EaBaseBoard.a(light.o)
 .debug_line    0x00003cb6      0x75d D:\Documentos\EC\EC020\Projeto2\Lib_EaBaseBoard\Debug\libLib_EaBaseBoard.a(oled.o)
 .debug_line    0x00004413       0x7d D:\Documentos\EC\EC020\Projeto2\Lib_EaBaseBoard\Debug\libLib_EaBaseBoard.a(font5x7.o)
 .debug_line    0x00004490      0x5d9 D:\Documentos\EC\EC020\Projeto2\Lib_MCU\Debug\libLib_MCU.a(lpc17xx_gpio.o)
 .debug_line    0x00004a69      0x8f4 D:\Documentos\EC\EC020\Projeto2\Lib_MCU\Debug\libLib_MCU.a(lpc17xx_i2c.o)
 .debug_line    0x0000535d      0x37e D:\Documentos\EC\EC020\Projeto2\Lib_MCU\Debug\libLib_MCU.a(lpc17xx_libcfg_default.o)
 .debug_line    0x000056db      0x458 D:\Documentos\EC\EC020\Projeto2\Lib_MCU\Debug\libLib_MCU.a(lpc17xx_pinsel.o)
 .debug_line    0x00005b33      0x827 D:\Documentos\EC\EC020\Projeto2\Lib_MCU\Debug\libLib_MCU.a(lpc17xx_ssp.o)
 .debug_line    0x0000635a      0x4b9 D:\Documentos\EC\EC020\Projeto2\Lib_MCU\Debug\libLib_MCU.a(lpc17xx_clkpwr.o)

.debug_macinfo  0x00000000    0xad91c
 .debug_macinfo
                0x00000000     0xbfa0 ./Sensor.o
 .debug_macinfo
                0x0000bfa0     0x3d1a ./cr_startup_lpc17.o
 .debug_macinfo
                0x0000fcba     0xd6a2 ./main.o
 .debug_macinfo
                0x0001d35c     0x83f8 D:\Documentos\EC\EC020\Projeto2\Lib_CMSISv1p30_LPC17xx\Debug\libLib_CMSISv1p30_LPC17xx.a(system_LPC17xx.o)
 .debug_macinfo
                0x00025754     0x9de1 D:\Documentos\EC\EC020\Projeto2\FreeRTOS_Library\Debug\libFreeRTOS_Library.a(port.o)
 .debug_macinfo
                0x0002f535     0x9e2d D:\Documentos\EC\EC020\Projeto2\FreeRTOS_Library\Debug\libFreeRTOS_Library.a(basic_io.o)
 .debug_macinfo
                0x00039362     0x2b75 D:\Documentos\EC\EC020\Projeto2\FreeRTOS_Library\Debug\libFreeRTOS_Library.a(consoleprint.o)
 .debug_macinfo
                0x0003bed7     0xa4c3 D:\Documentos\EC\EC020\Projeto2\FreeRTOS_Library\Debug\libFreeRTOS_Library.a(queue.o)
 .debug_macinfo
                0x0004639a     0xa761 D:\Documentos\EC\EC020\Projeto2\FreeRTOS_Library\Debug\libFreeRTOS_Library.a(tasks.o)
 .debug_macinfo
                0x00050afb     0x9f77 D:\Documentos\EC\EC020\Projeto2\FreeRTOS_Library\Debug\libFreeRTOS_Library.a(heap_2.o)
 .debug_macinfo
                0x0005aa72     0x98ca D:\Documentos\EC\EC020\Projeto2\FreeRTOS_Library\Debug\libFreeRTOS_Library.a(list.o)
 .debug_macinfo
                0x0006433c     0x8e3a D:\Documentos\EC\EC020\Projeto2\Lib_EaBaseBoard\Debug\libLib_EaBaseBoard.a(light.o)
 .debug_macinfo
                0x0006d176     0xa143 D:\Documentos\EC\EC020\Projeto2\Lib_EaBaseBoard\Debug\libLib_EaBaseBoard.a(oled.o)
 .debug_macinfo
                0x000772b9     0x332a D:\Documentos\EC\EC020\Projeto2\Lib_EaBaseBoard\Debug\libLib_EaBaseBoard.a(font5x7.o)
 .debug_macinfo
                0x0007a5e3     0x86b8 D:\Documentos\EC\EC020\Projeto2\Lib_MCU\Debug\libLib_MCU.a(lpc17xx_gpio.o)
 .debug_macinfo
                0x00082c9b     0xa5d8 D:\Documentos\EC\EC020\Projeto2\Lib_MCU\Debug\libLib_MCU.a(lpc17xx_i2c.o)
 .debug_macinfo
                0x0008d273     0x400d D:\Documentos\EC\EC020\Projeto2\Lib_MCU\Debug\libLib_MCU.a(lpc17xx_libcfg_default.o)
 .debug_macinfo
                0x00091280     0x87d3 D:\Documentos\EC\EC020\Projeto2\Lib_MCU\Debug\libLib_MCU.a(lpc17xx_pinsel.o)
 .debug_macinfo
                0x00099a53     0xa8d0 D:\Documentos\EC\EC020\Projeto2\Lib_MCU\Debug\libLib_MCU.a(lpc17xx_ssp.o)
 .debug_macinfo
                0x000a4323     0x95f9 D:\Documentos\EC\EC020\Projeto2\Lib_MCU\Debug\libLib_MCU.a(lpc17xx_clkpwr.o)

.debug_str      0x00000000     0x27cf
 .debug_str     0x00000000      0x28a ./Sensor.o
                                0x2c1 (size before relaxing)
 .debug_str     0x0000028a       0xee ./cr_startup_lpc17.o
                                0x1f8 (size before relaxing)
 .debug_str     0x00000378      0x139 ./main.o
                                0x274 (size before relaxing)
 .debug_str     0x000004b1      0x1bf D:\Documentos\EC\EC020\Projeto2\Lib_CMSISv1p30_LPC17xx\Debug\libLib_CMSISv1p30_LPC17xx.a(system_LPC17xx.o)
                                0x297 (size before relaxing)
 .debug_str     0x00000670      0x16a D:\Documentos\EC\EC020\Projeto2\FreeRTOS_Library\Debug\libFreeRTOS_Library.a(port.o)
                                0x265 (size before relaxing)
 .debug_str     0x000007da       0x54 D:\Documentos\EC\EC020\Projeto2\FreeRTOS_Library\Debug\libFreeRTOS_Library.a(basic_io.o)
                                0x171 (size before relaxing)
 .debug_str     0x0000082e       0x37 D:\Documentos\EC\EC020\Projeto2\FreeRTOS_Library\Debug\libFreeRTOS_Library.a(consoleprint.o)
                                 0xf9 (size before relaxing)
 .debug_str     0x00000865      0x3ca D:\Documentos\EC\EC020\Projeto2\FreeRTOS_Library\Debug\libFreeRTOS_Library.a(queue.o)
                                0x520 (size before relaxing)
 .debug_str     0x00000c2f      0x616 D:\Documentos\EC\EC020\Projeto2\FreeRTOS_Library\Debug\libFreeRTOS_Library.a(tasks.o)
                                0x8b9 (size before relaxing)
 .debug_str     0x00001245      0x150 D:\Documentos\EC\EC020\Projeto2\FreeRTOS_Library\Debug\libFreeRTOS_Library.a(heap_2.o)
                                0x28c (size before relaxing)
 .debug_str     0x00001395       0x92 D:\Documentos\EC\EC020\Projeto2\FreeRTOS_Library\Debug\libFreeRTOS_Library.a(list.o)
                                0x253 (size before relaxing)
 .debug_str     0x00001427      0x37b D:\Documentos\EC\EC020\Projeto2\Lib_EaBaseBoard\Debug\libLib_EaBaseBoard.a(light.o)
                                0x4f8 (size before relaxing)
 .debug_str     0x000017a2      0x20b D:\Documentos\EC\EC020\Projeto2\Lib_EaBaseBoard\Debug\libLib_EaBaseBoard.a(oled.o)
                                0x3b0 (size before relaxing)
 .debug_str     0x000019ad       0x11 D:\Documentos\EC\EC020\Projeto2\Lib_EaBaseBoard\Debug\libLib_EaBaseBoard.a(font5x7.o)
                                 0xbb (size before relaxing)
 .debug_str     0x000019be      0x374 D:\Documentos\EC\EC020\Projeto2\Lib_MCU\Debug\libLib_MCU.a(lpc17xx_gpio.o)
                                0x46c (size before relaxing)
 .debug_str     0x00001d32      0x52d D:\Documentos\EC\EC020\Projeto2\Lib_MCU\Debug\libLib_MCU.a(lpc17xx_i2c.o)
                                0x802 (size before relaxing)
 .debug_str     0x0000225f       0x32 D:\Documentos\EC\EC020\Projeto2\Lib_MCU\Debug\libLib_MCU.a(lpc17xx_libcfg_default.o)
                                0x145 (size before relaxing)
 .debug_str     0x00002291      0x214 D:\Documentos\EC\EC020\Projeto2\Lib_MCU\Debug\libLib_MCU.a(lpc17xx_pinsel.o)
                                0x3a1 (size before relaxing)
 .debug_str     0x000024a5      0x211 D:\Documentos\EC\EC020\Projeto2\Lib_MCU\Debug\libLib_MCU.a(lpc17xx_ssp.o)
                                0x47f (size before relaxing)
 .debug_str     0x000026b6      0x119 D:\Documentos\EC\EC020\Projeto2\Lib_MCU\Debug\libLib_MCU.a(lpc17xx_clkpwr.o)
                                0x39d (size before relaxing)

.comment        0x00000000       0xe0
 .comment       0x00000000       0x70 ./Sensor.o
                                 0x71 (size before relaxing)
 .comment       0x00000000       0x71 ./cr_startup_lpc17.o
 .comment       0x00000000       0x71 ./main.o
 .comment       0x00000000       0x71 D:\Documentos\EC\EC020\Projeto2\Lib_CMSISv1p30_LPC17xx\Debug\libLib_CMSISv1p30_LPC17xx.a(system_LPC17xx.o)
 .comment       0x00000000       0x71 D:\Documentos\EC\EC020\Projeto2\FreeRTOS_Library\Debug\libFreeRTOS_Library.a(port.o)
 .comment       0x00000000       0x71 D:\Documentos\EC\EC020\Projeto2\FreeRTOS_Library\Debug\libFreeRTOS_Library.a(basic_io.o)
 .comment       0x00000000       0x71 D:\Documentos\EC\EC020\Projeto2\FreeRTOS_Library\Debug\libFreeRTOS_Library.a(consoleprint.o)
 .comment       0x00000000       0x71 D:\Documentos\EC\EC020\Projeto2\FreeRTOS_Library\Debug\libFreeRTOS_Library.a(queue.o)
 .comment       0x00000000       0x71 D:\Documentos\EC\EC020\Projeto2\FreeRTOS_Library\Debug\libFreeRTOS_Library.a(tasks.o)
 .comment       0x00000000       0x71 D:\Documentos\EC\EC020\Projeto2\FreeRTOS_Library\Debug\libFreeRTOS_Library.a(heap_2.o)
 .comment       0x00000000       0x71 D:\Documentos\EC\EC020\Projeto2\FreeRTOS_Library\Debug\libFreeRTOS_Library.a(list.o)
 .comment       0x00000000       0x71 D:\Documentos\EC\EC020\Projeto2\Lib_EaBaseBoard\Debug\libLib_EaBaseBoard.a(light.o)
 .comment       0x00000000       0x71 D:\Documentos\EC\EC020\Projeto2\Lib_EaBaseBoard\Debug\libLib_EaBaseBoard.a(oled.o)
 .comment       0x00000000       0x71 D:\Documentos\EC\EC020\Projeto2\Lib_EaBaseBoard\Debug\libLib_EaBaseBoard.a(font5x7.o)
 .comment       0x00000000       0x71 D:\Documentos\EC\EC020\Projeto2\Lib_MCU\Debug\libLib_MCU.a(lpc17xx_gpio.o)
 .comment       0x00000000       0x71 D:\Documentos\EC\EC020\Projeto2\Lib_MCU\Debug\libLib_MCU.a(lpc17xx_i2c.o)
 .comment       0x00000000       0x71 D:\Documentos\EC\EC020\Projeto2\Lib_MCU\Debug\libLib_MCU.a(lpc17xx_libcfg_default.o)
 .comment       0x00000000       0x71 D:\Documentos\EC\EC020\Projeto2\Lib_MCU\Debug\libLib_MCU.a(lpc17xx_pinsel.o)
 .comment       0x00000000       0x71 D:\Documentos\EC\EC020\Projeto2\Lib_MCU\Debug\libLib_MCU.a(lpc17xx_ssp.o)
 .comment       0x00000000       0x71 D:\Documentos\EC\EC020\Projeto2\Lib_MCU\Debug\libLib_MCU.a(lpc17xx_clkpwr.o)
 .comment       0x00000070       0x70 c:/nxp/lpcxpresso_6.1.4_194/lpcxpresso/tools/bin/../lib/gcc/arm-none-eabi/4.6.2/../../../../arm-none-eabi/lib/armv7-m\libcr_semihost.a(_cr__main.o)
                                 0x71 (size before relaxing)
 .comment       0x00000000       0x71 c:/nxp/lpcxpresso_6.1.4_194/lpcxpresso/tools/bin/../lib/gcc/arm-none-eabi/4.6.2/../../../../arm-none-eabi/lib/armv7-m\libcr_c.a(memcpy.o)
 .comment       0x00000000       0x71 c:/nxp/lpcxpresso_6.1.4_194/lpcxpresso/tools/bin/../lib/gcc/arm-none-eabi/4.6.2/../../../../arm-none-eabi/lib/armv7-m\libcr_c.a(memset.o)
 .comment       0x00000000       0x71 c:/nxp/lpcxpresso_6.1.4_194/lpcxpresso/tools/bin/../lib/gcc/arm-none-eabi/4.6.2/../../../../arm-none-eabi/lib/armv7-m\libcr_c.a(fpprintf.o)
 .comment       0x00000000       0x71 c:/nxp/lpcxpresso_6.1.4_194/lpcxpresso/tools/bin/../lib/gcc/arm-none-eabi/4.6.2/../../../../arm-none-eabi/lib/armv7-m\libcr_c.a(initio.o)
 .comment       0x00000000       0x71 c:/nxp/lpcxpresso_6.1.4_194/lpcxpresso/tools/bin/../lib/gcc/arm-none-eabi/4.6.2/../../../../arm-none-eabi/lib/armv7-m\libcr_c.a(memcmp.o)
 .comment       0x00000000       0x71 c:/nxp/lpcxpresso_6.1.4_194/lpcxpresso/tools/bin/../lib/gcc/arm-none-eabi/4.6.2/../../../../arm-none-eabi/lib/armv7-m\libcr_c.a(printf.o)
 .comment       0x00000000       0x71 c:/nxp/lpcxpresso_6.1.4_194/lpcxpresso/tools/bin/../lib/gcc/arm-none-eabi/4.6.2/../../../../arm-none-eabi/lib/armv7-m\libcr_c.a(setvbuf.o)
 .comment       0x00000000       0x71 c:/nxp/lpcxpresso_6.1.4_194/lpcxpresso/tools/bin/../lib/gcc/arm-none-eabi/4.6.2/../../../../arm-none-eabi/lib/armv7-m\libcr_c.a(stdio.o)
 .comment       0x00000000       0x71 c:/nxp/lpcxpresso_6.1.4_194/lpcxpresso/tools/bin/../lib/gcc/arm-none-eabi/4.6.2/../../../../arm-none-eabi/lib/armv7-m\libcr_c.a(strcpy.o)
 .comment       0x00000000       0x71 c:/nxp/lpcxpresso_6.1.4_194/lpcxpresso/tools/bin/../lib/gcc/arm-none-eabi/4.6.2/../../../../arm-none-eabi/lib/armv7-m\libcr_c.a(strlen.o)
 .comment       0x00000000       0x71 c:/nxp/lpcxpresso_6.1.4_194/lpcxpresso/tools/bin/../lib/gcc/arm-none-eabi/4.6.2/../../../../arm-none-eabi/lib/armv7-m\libcr_c.a(strncpy.o)
 .comment       0x00000000       0x71 c:/nxp/lpcxpresso_6.1.4_194/lpcxpresso/tools/bin/../lib/gcc/arm-none-eabi/4.6.2/../../../../arm-none-eabi/lib/armv7-m\libcr_c.a(__fillbuf.o)
 .comment       0x00000000       0x71 c:/nxp/lpcxpresso_6.1.4_194/lpcxpresso/tools/bin/../lib/gcc/arm-none-eabi/4.6.2/../../../../arm-none-eabi/lib/armv7-m\libcr_c.a(_deferredlazyseek.o)
 .comment       0x00000000       0x71 c:/nxp/lpcxpresso_6.1.4_194/lpcxpresso/tools/bin/../lib/gcc/arm-none-eabi/4.6.2/../../../../arm-none-eabi/lib/armv7-m\libcr_c.a(_fdopen.o)
 .comment       0x00000000       0x71 c:/nxp/lpcxpresso_6.1.4_194/lpcxpresso/tools/bin/../lib/gcc/arm-none-eabi/4.6.2/../../../../arm-none-eabi/lib/armv7-m\libcr_c.a(_fflush.o)
 .comment       0x00000000       0x71 c:/nxp/lpcxpresso_6.1.4_194/lpcxpresso/tools/bin/../lib/gcc/arm-none-eabi/4.6.2/../../../../arm-none-eabi/lib/armv7-m\libcr_c.a(_frexpl.o)
 .comment       0x00000000       0x71 c:/nxp/lpcxpresso_6.1.4_194/lpcxpresso/tools/bin/../lib/gcc/arm-none-eabi/4.6.2/../../../../arm-none-eabi/lib/armv7-m\libcr_c.a(_ldexpl.o)
 .comment       0x00000000       0x71 c:/nxp/lpcxpresso_6.1.4_194/lpcxpresso/tools/bin/../lib/gcc/arm-none-eabi/4.6.2/../../../../arm-none-eabi/lib/armv7-m\libcr_c.a(_writebuf.o)
 .comment       0x00000000       0x71 c:/nxp/lpcxpresso_6.1.4_194/lpcxpresso/tools/bin/../lib/gcc/arm-none-eabi/4.6.2/../../../../arm-none-eabi/lib/armv7-m\libcr_c.a(alloc.o)
 .comment       0x00000000       0x71 c:/nxp/lpcxpresso_6.1.4_194/lpcxpresso/tools/bin/../lib/gcc/arm-none-eabi/4.6.2/../../../../arm-none-eabi/lib/armv7-m\libcr_c.a(errno.o)
 .comment       0x00000000       0x71 c:/nxp/lpcxpresso_6.1.4_194/lpcxpresso/tools/bin/../lib/gcc/arm-none-eabi/4.6.2/../../../../arm-none-eabi/lib/armv7-m\libcr_c.a(fclose.o)
 .comment       0x00000000       0x71 c:/nxp/lpcxpresso_6.1.4_194/lpcxpresso/tools/bin/../lib/gcc/arm-none-eabi/4.6.2/../../../../arm-none-eabi/lib/armv7-m\libcr_c.a(fflush.o)
 .comment       0x00000000       0x71 c:/nxp/lpcxpresso_6.1.4_194/lpcxpresso/tools/bin/../lib/gcc/arm-none-eabi/4.6.2/../../../../arm-none-eabi/lib/armv7-m\libcr_c.a(fseek.o)
 .comment       0x00000000       0x71 c:/nxp/lpcxpresso_6.1.4_194/lpcxpresso/tools/bin/../lib/gcc/arm-none-eabi/4.6.2/../../../../arm-none-eabi/lib/armv7-m\libcr_c.a(ftell.o)
 .comment       0x00000000       0x71 c:/nxp/lpcxpresso_6.1.4_194/lpcxpresso/tools/bin/../lib/gcc/arm-none-eabi/4.6.2/../../../../arm-none-eabi/lib/armv7-m\libcr_c.a(remove.o)
 .comment       0x00000000       0x71 c:/nxp/lpcxpresso_6.1.4_194/lpcxpresso/tools/bin/../lib/gcc/arm-none-eabi/4.6.2/../../../../arm-none-eabi/lib/armv7-m\libcr_c.a(__init_alloc.o)
 .comment       0x00000000       0x71 c:/nxp/lpcxpresso_6.1.4_194/lpcxpresso/tools/bin/../lib/gcc/arm-none-eabi/4.6.2/../../../../arm-none-eabi/lib/armv7-m\libcr_c.a(_do_fflush.o)
 .comment       0x00000000       0x71 c:/nxp/lpcxpresso_6.1.4_194/lpcxpresso/tools/bin/../lib/gcc/arm-none-eabi/4.6.2/../../../../arm-none-eabi/lib/armv7-m\libcr_c.a(_hugeval.o)
 .comment       0x00000000       0x71 c:/nxp/lpcxpresso_6.1.4_194/lpcxpresso/tools/bin/../lib/gcc/arm-none-eabi/4.6.2/armv7-m\libcr_eabihelpers.a(double.o)
 .comment       0x00000000       0x71 c:/nxp/lpcxpresso_6.1.4_194/lpcxpresso/tools/bin/../lib/gcc/arm-none-eabi/4.6.2/../../../../arm-none-eabi/lib/armv7-m\libcr_semihost.a(_cr_sbrk.o)
 .comment       0x00000000       0x71 c:/nxp/lpcxpresso_6.1.4_194/lpcxpresso/tools/bin/../lib/gcc/arm-none-eabi/4.6.2/../../../../arm-none-eabi/lib/armv7-m\libcr_semihost.a(_cr_check_heap.o)

.ARM.attributes
                0x00000000       0x31
 .ARM.attributes
                0x00000000       0x33 ./Sensor.o
 .ARM.attributes
                0x00000033       0x33 ./cr_startup_lpc17.o
 .ARM.attributes
                0x00000066       0x33 ./main.o
 .ARM.attributes
                0x00000099       0x33 D:\Documentos\EC\EC020\Projeto2\Lib_CMSISv1p30_LPC17xx\Debug\libLib_CMSISv1p30_LPC17xx.a(system_LPC17xx.o)
 .ARM.attributes
                0x000000cc       0x33 D:\Documentos\EC\EC020\Projeto2\FreeRTOS_Library\Debug\libFreeRTOS_Library.a(port.o)
 .ARM.attributes
                0x000000ff       0x33 D:\Documentos\EC\EC020\Projeto2\FreeRTOS_Library\Debug\libFreeRTOS_Library.a(basic_io.o)
 .ARM.attributes
                0x00000132       0x33 D:\Documentos\EC\EC020\Projeto2\FreeRTOS_Library\Debug\libFreeRTOS_Library.a(consoleprint.o)
 .ARM.attributes
                0x00000165       0x33 D:\Documentos\EC\EC020\Projeto2\FreeRTOS_Library\Debug\libFreeRTOS_Library.a(queue.o)
 .ARM.attributes
                0x00000198       0x33 D:\Documentos\EC\EC020\Projeto2\FreeRTOS_Library\Debug\libFreeRTOS_Library.a(tasks.o)
 .ARM.attributes
                0x000001cb       0x33 D:\Documentos\EC\EC020\Projeto2\FreeRTOS_Library\Debug\libFreeRTOS_Library.a(heap_2.o)
 .ARM.attributes
                0x000001fe       0x33 D:\Documentos\EC\EC020\Projeto2\FreeRTOS_Library\Debug\libFreeRTOS_Library.a(list.o)
 .ARM.attributes
                0x00000231       0x33 D:\Documentos\EC\EC020\Projeto2\Lib_EaBaseBoard\Debug\libLib_EaBaseBoard.a(light.o)
 .ARM.attributes
                0x00000264       0x33 D:\Documentos\EC\EC020\Projeto2\Lib_EaBaseBoard\Debug\libLib_EaBaseBoard.a(oled.o)
 .ARM.attributes
                0x00000297       0x33 D:\Documentos\EC\EC020\Projeto2\Lib_EaBaseBoard\Debug\libLib_EaBaseBoard.a(font5x7.o)
 .ARM.attributes
                0x000002ca       0x33 D:\Documentos\EC\EC020\Projeto2\Lib_MCU\Debug\libLib_MCU.a(lpc17xx_gpio.o)
 .ARM.attributes
                0x000002fd       0x33 D:\Documentos\EC\EC020\Projeto2\Lib_MCU\Debug\libLib_MCU.a(lpc17xx_i2c.o)
 .ARM.attributes
                0x00000330       0x33 D:\Documentos\EC\EC020\Projeto2\Lib_MCU\Debug\libLib_MCU.a(lpc17xx_libcfg_default.o)
 .ARM.attributes
                0x00000363       0x33 D:\Documentos\EC\EC020\Projeto2\Lib_MCU\Debug\libLib_MCU.a(lpc17xx_pinsel.o)
 .ARM.attributes
                0x00000396       0x33 D:\Documentos\EC\EC020\Projeto2\Lib_MCU\Debug\libLib_MCU.a(lpc17xx_ssp.o)
 .ARM.attributes
                0x000003c9       0x33 D:\Documentos\EC\EC020\Projeto2\Lib_MCU\Debug\libLib_MCU.a(lpc17xx_clkpwr.o)
 .ARM.attributes
                0x000003fc       0x21 c:/nxp/lpcxpresso_6.1.4_194/lpcxpresso/tools/bin/../lib/gcc/arm-none-eabi/4.6.2/../../../../arm-none-eabi/lib/armv7-m\libcr_semihost.a(__sys_write.o)
 .ARM.attributes
                0x0000041d       0x33 c:/nxp/lpcxpresso_6.1.4_194/lpcxpresso/tools/bin/../lib/gcc/arm-none-eabi/4.6.2/../../../../arm-none-eabi/lib/armv7-m\libcr_semihost.a(_cr__main.o)
 .ARM.attributes
                0x00000450       0x33 c:/nxp/lpcxpresso_6.1.4_194/lpcxpresso/tools/bin/../lib/gcc/arm-none-eabi/4.6.2/../../../../arm-none-eabi/lib/armv7-m\libcr_c.a(memcpy.o)
 .ARM.attributes
                0x00000483       0x33 c:/nxp/lpcxpresso_6.1.4_194/lpcxpresso/tools/bin/../lib/gcc/arm-none-eabi/4.6.2/../../../../arm-none-eabi/lib/armv7-m\libcr_c.a(memset.o)
 .ARM.attributes
                0x000004b6       0x33 c:/nxp/lpcxpresso_6.1.4_194/lpcxpresso/tools/bin/../lib/gcc/arm-none-eabi/4.6.2/../../../../arm-none-eabi/lib/armv7-m\libcr_c.a(fpprintf.o)
 .ARM.attributes
                0x000004e9       0x33 c:/nxp/lpcxpresso_6.1.4_194/lpcxpresso/tools/bin/../lib/gcc/arm-none-eabi/4.6.2/../../../../arm-none-eabi/lib/armv7-m\libcr_c.a(initio.o)
 .ARM.attributes
                0x0000051c       0x33 c:/nxp/lpcxpresso_6.1.4_194/lpcxpresso/tools/bin/../lib/gcc/arm-none-eabi/4.6.2/../../../../arm-none-eabi/lib/armv7-m\libcr_c.a(memcmp.o)
 .ARM.attributes
                0x0000054f       0x33 c:/nxp/lpcxpresso_6.1.4_194/lpcxpresso/tools/bin/../lib/gcc/arm-none-eabi/4.6.2/../../../../arm-none-eabi/lib/armv7-m\libcr_c.a(printf.o)
 .ARM.attributes
                0x00000582       0x33 c:/nxp/lpcxpresso_6.1.4_194/lpcxpresso/tools/bin/../lib/gcc/arm-none-eabi/4.6.2/../../../../arm-none-eabi/lib/armv7-m\libcr_c.a(setvbuf.o)
 .ARM.attributes
                0x000005b5       0x33 c:/nxp/lpcxpresso_6.1.4_194/lpcxpresso/tools/bin/../lib/gcc/arm-none-eabi/4.6.2/../../../../arm-none-eabi/lib/armv7-m\libcr_c.a(stdio.o)
 .ARM.attributes
                0x000005e8       0x33 c:/nxp/lpcxpresso_6.1.4_194/lpcxpresso/tools/bin/../lib/gcc/arm-none-eabi/4.6.2/../../../../arm-none-eabi/lib/armv7-m\libcr_c.a(strcpy.o)
 .ARM.attributes
                0x0000061b       0x33 c:/nxp/lpcxpresso_6.1.4_194/lpcxpresso/tools/bin/../lib/gcc/arm-none-eabi/4.6.2/../../../../arm-none-eabi/lib/armv7-m\libcr_c.a(strlen.o)
 .ARM.attributes
                0x0000064e       0x33 c:/nxp/lpcxpresso_6.1.4_194/lpcxpresso/tools/bin/../lib/gcc/arm-none-eabi/4.6.2/../../../../arm-none-eabi/lib/armv7-m\libcr_c.a(strncpy.o)
 .ARM.attributes
                0x00000681       0x33 c:/nxp/lpcxpresso_6.1.4_194/lpcxpresso/tools/bin/../lib/gcc/arm-none-eabi/4.6.2/../../../../arm-none-eabi/lib/armv7-m\libcr_c.a(__fillbuf.o)
 .ARM.attributes
                0x000006b4       0x33 c:/nxp/lpcxpresso_6.1.4_194/lpcxpresso/tools/bin/../lib/gcc/arm-none-eabi/4.6.2/../../../../arm-none-eabi/lib/armv7-m\libcr_c.a(_deferredlazyseek.o)
 .ARM.attributes
                0x000006e7       0x33 c:/nxp/lpcxpresso_6.1.4_194/lpcxpresso/tools/bin/../lib/gcc/arm-none-eabi/4.6.2/../../../../arm-none-eabi/lib/armv7-m\libcr_c.a(_fdopen.o)
 .ARM.attributes
                0x0000071a       0x33 c:/nxp/lpcxpresso_6.1.4_194/lpcxpresso/tools/bin/../lib/gcc/arm-none-eabi/4.6.2/../../../../arm-none-eabi/lib/armv7-m\libcr_c.a(_fflush.o)
 .ARM.attributes
                0x0000074d       0x33 c:/nxp/lpcxpresso_6.1.4_194/lpcxpresso/tools/bin/../lib/gcc/arm-none-eabi/4.6.2/../../../../arm-none-eabi/lib/armv7-m\libcr_c.a(_frexpl.o)
 .ARM.attributes
                0x00000780       0x33 c:/nxp/lpcxpresso_6.1.4_194/lpcxpresso/tools/bin/../lib/gcc/arm-none-eabi/4.6.2/../../../../arm-none-eabi/lib/armv7-m\libcr_c.a(_ldexpl.o)
 .ARM.attributes
                0x000007b3       0x33 c:/nxp/lpcxpresso_6.1.4_194/lpcxpresso/tools/bin/../lib/gcc/arm-none-eabi/4.6.2/../../../../arm-none-eabi/lib/armv7-m\libcr_c.a(_writebuf.o)
 .ARM.attributes
                0x000007e6       0x33 c:/nxp/lpcxpresso_6.1.4_194/lpcxpresso/tools/bin/../lib/gcc/arm-none-eabi/4.6.2/../../../../arm-none-eabi/lib/armv7-m\libcr_c.a(alloc.o)
 .ARM.attributes
                0x00000819       0x33 c:/nxp/lpcxpresso_6.1.4_194/lpcxpresso/tools/bin/../lib/gcc/arm-none-eabi/4.6.2/../../../../arm-none-eabi/lib/armv7-m\libcr_c.a(errno.o)
 .ARM.attributes
                0x0000084c       0x33 c:/nxp/lpcxpresso_6.1.4_194/lpcxpresso/tools/bin/../lib/gcc/arm-none-eabi/4.6.2/../../../../arm-none-eabi/lib/armv7-m\libcr_c.a(fclose.o)
 .ARM.attributes
                0x0000087f       0x33 c:/nxp/lpcxpresso_6.1.4_194/lpcxpresso/tools/bin/../lib/gcc/arm-none-eabi/4.6.2/../../../../arm-none-eabi/lib/armv7-m\libcr_c.a(fflush.o)
 .ARM.attributes
                0x000008b2       0x33 c:/nxp/lpcxpresso_6.1.4_194/lpcxpresso/tools/bin/../lib/gcc/arm-none-eabi/4.6.2/../../../../arm-none-eabi/lib/armv7-m\libcr_c.a(fseek.o)
 .ARM.attributes
                0x000008e5       0x33 c:/nxp/lpcxpresso_6.1.4_194/lpcxpresso/tools/bin/../lib/gcc/arm-none-eabi/4.6.2/../../../../arm-none-eabi/lib/armv7-m\libcr_c.a(ftell.o)
 .ARM.attributes
                0x00000918       0x33 c:/nxp/lpcxpresso_6.1.4_194/lpcxpresso/tools/bin/../lib/gcc/arm-none-eabi/4.6.2/../../../../arm-none-eabi/lib/armv7-m\libcr_c.a(remove.o)
 .ARM.attributes
                0x0000094b       0x33 c:/nxp/lpcxpresso_6.1.4_194/lpcxpresso/tools/bin/../lib/gcc/arm-none-eabi/4.6.2/../../../../arm-none-eabi/lib/armv7-m\libcr_c.a(__init_alloc.o)
 .ARM.attributes
                0x0000097e       0x33 c:/nxp/lpcxpresso_6.1.4_194/lpcxpresso/tools/bin/../lib/gcc/arm-none-eabi/4.6.2/../../../../arm-none-eabi/lib/armv7-m\libcr_c.a(_do_fflush.o)
 .ARM.attributes
                0x000009b1       0x33 c:/nxp/lpcxpresso_6.1.4_194/lpcxpresso/tools/bin/../lib/gcc/arm-none-eabi/4.6.2/../../../../arm-none-eabi/lib/armv7-m\libcr_c.a(_hugeval.o)
 .ARM.attributes
                0x000009e4       0x21 c:/nxp/lpcxpresso_6.1.4_194/lpcxpresso/tools/bin/../lib/gcc/arm-none-eabi/4.6.2/armv7-m\libcr_eabihelpers.a(division.o)
 .ARM.attributes
                0x00000a05       0x33 c:/nxp/lpcxpresso_6.1.4_194/lpcxpresso/tools/bin/../lib/gcc/arm-none-eabi/4.6.2/armv7-m\libcr_eabihelpers.a(double.o)
 .ARM.attributes
                0x00000a38       0x21 c:/nxp/lpcxpresso_6.1.4_194/lpcxpresso/tools/bin/../lib/gcc/arm-none-eabi/4.6.2/armv7-m\libcr_eabihelpers.a(memcpy.o)
 .ARM.attributes
                0x00000a59       0x21 c:/nxp/lpcxpresso_6.1.4_194/lpcxpresso/tools/bin/../lib/gcc/arm-none-eabi/4.6.2/../../../../arm-none-eabi/lib/armv7-m\libcr_semihost.a(__sys_appexit.o)
 .ARM.attributes
                0x00000a7a       0x21 c:/nxp/lpcxpresso_6.1.4_194/lpcxpresso/tools/bin/../lib/gcc/arm-none-eabi/4.6.2/../../../../arm-none-eabi/lib/armv7-m\libcr_semihost.a(__sys_close.o)
 .ARM.attributes
                0x00000a9b       0x21 c:/nxp/lpcxpresso_6.1.4_194/lpcxpresso/tools/bin/../lib/gcc/arm-none-eabi/4.6.2/../../../../arm-none-eabi/lib/armv7-m\libcr_semihost.a(__sys_flen.o)
 .ARM.attributes
                0x00000abc       0x21 c:/nxp/lpcxpresso_6.1.4_194/lpcxpresso/tools/bin/../lib/gcc/arm-none-eabi/4.6.2/../../../../arm-none-eabi/lib/armv7-m\libcr_semihost.a(__sys_istty.o)
 .ARM.attributes
                0x00000add       0x21 c:/nxp/lpcxpresso_6.1.4_194/lpcxpresso/tools/bin/../lib/gcc/arm-none-eabi/4.6.2/../../../../arm-none-eabi/lib/armv7-m\libcr_semihost.a(__sys_read.o)
 .ARM.attributes
                0x00000afe       0x21 c:/nxp/lpcxpresso_6.1.4_194/lpcxpresso/tools/bin/../lib/gcc/arm-none-eabi/4.6.2/../../../../arm-none-eabi/lib/armv7-m\libcr_semihost.a(__sys_readc.o)
 .ARM.attributes
                0x00000b1f       0x21 c:/nxp/lpcxpresso_6.1.4_194/lpcxpresso/tools/bin/../lib/gcc/arm-none-eabi/4.6.2/../../../../arm-none-eabi/lib/armv7-m\libcr_semihost.a(__sys_remove.o)
 .ARM.attributes
                0x00000b40       0x21 c:/nxp/lpcxpresso_6.1.4_194/lpcxpresso/tools/bin/../lib/gcc/arm-none-eabi/4.6.2/../../../../arm-none-eabi/lib/armv7-m\libcr_semihost.a(__sys_rename.o)
 .ARM.attributes
                0x00000b61       0x21 c:/nxp/lpcxpresso_6.1.4_194/lpcxpresso/tools/bin/../lib/gcc/arm-none-eabi/4.6.2/../../../../arm-none-eabi/lib/armv7-m\libcr_semihost.a(__sys_seek.o)
 .ARM.attributes
                0x00000b82       0x21 c:/nxp/lpcxpresso_6.1.4_194/lpcxpresso/tools/bin/../lib/gcc/arm-none-eabi/4.6.2/../../../../arm-none-eabi/lib/armv7-m\libcr_semihost.a(__sys_tmpnam.o)
 .ARM.attributes
                0x00000ba3       0x33 c:/nxp/lpcxpresso_6.1.4_194/lpcxpresso/tools/bin/../lib/gcc/arm-none-eabi/4.6.2/../../../../arm-none-eabi/lib/armv7-m\libcr_semihost.a(_cr_sbrk.o)
 .ARM.attributes
                0x00000bd6       0x33 c:/nxp/lpcxpresso_6.1.4_194/lpcxpresso/tools/bin/../lib/gcc/arm-none-eabi/4.6.2/../../../../arm-none-eabi/lib/armv7-m\libcr_semihost.a(_cr_check_heap.o)

.debug_frame    0x00000000     0x1760
 .debug_frame   0x00000000       0x88 ./Sensor.o
 .debug_frame   0x00000088      0x120 ./cr_startup_lpc17.o
 .debug_frame   0x000001a8      0x114 ./main.o
 .debug_frame   0x000002bc       0x48 D:\Documentos\EC\EC020\Projeto2\Lib_CMSISv1p30_LPC17xx\Debug\libLib_CMSISv1p30_LPC17xx.a(system_LPC17xx.o)
 .debug_frame   0x00000304       0xc0 D:\Documentos\EC\EC020\Projeto2\FreeRTOS_Library\Debug\libFreeRTOS_Library.a(port.o)
 .debug_frame   0x000003c4       0x48 D:\Documentos\EC\EC020\Projeto2\FreeRTOS_Library\Debug\libFreeRTOS_Library.a(basic_io.o)
 .debug_frame   0x0000040c       0x28 D:\Documentos\EC\EC020\Projeto2\FreeRTOS_Library\Debug\libFreeRTOS_Library.a(consoleprint.o)
 .debug_frame   0x00000434      0x19c D:\Documentos\EC\EC020\Projeto2\FreeRTOS_Library\Debug\libFreeRTOS_Library.a(queue.o)
 .debug_frame   0x000005d0      0x2cc D:\Documentos\EC\EC020\Projeto2\FreeRTOS_Library\Debug\libFreeRTOS_Library.a(tasks.o)
 .debug_frame   0x0000089c       0x68 D:\Documentos\EC\EC020\Projeto2\FreeRTOS_Library\Debug\libFreeRTOS_Library.a(heap_2.o)
 .debug_frame   0x00000904       0x68 D:\Documentos\EC\EC020\Projeto2\FreeRTOS_Library\Debug\libFreeRTOS_Library.a(list.o)
 .debug_frame   0x0000096c      0x208 D:\Documentos\EC\EC020\Projeto2\Lib_EaBaseBoard\Debug\libLib_EaBaseBoard.a(light.o)
 .debug_frame   0x00000b74      0x1ec D:\Documentos\EC\EC020\Projeto2\Lib_EaBaseBoard\Debug\libLib_EaBaseBoard.a(oled.o)
 .debug_frame   0x00000d60      0x2c4 D:\Documentos\EC\EC020\Projeto2\Lib_MCU\Debug\libLib_MCU.a(lpc17xx_gpio.o)
 .debug_frame   0x00001024      0x2c8 D:\Documentos\EC\EC020\Projeto2\Lib_MCU\Debug\libLib_MCU.a(lpc17xx_i2c.o)
 .debug_frame   0x000012ec       0x2c D:\Documentos\EC\EC020\Projeto2\Lib_MCU\Debug\libLib_MCU.a(lpc17xx_libcfg_default.o)
 .debug_frame   0x00001318       0xbc D:\Documentos\EC\EC020\Projeto2\Lib_MCU\Debug\libLib_MCU.a(lpc17xx_pinsel.o)
 .debug_frame   0x000013d4      0x280 D:\Documentos\EC\EC020\Projeto2\Lib_MCU\Debug\libLib_MCU.a(lpc17xx_ssp.o)
 .debug_frame   0x00001654      0x10c D:\Documentos\EC\EC020\Projeto2\Lib_MCU\Debug\libLib_MCU.a(lpc17xx_clkpwr.o)
